Archive member included to satisfy reference by file (symbol)

C:\Users\Me\AppData\Local\Temp\VMBuilds\BatMon\adafruit_feather52832\Release/core.a(gcc_startup_nrf52.S.o)
                              (Reset_Handler)
C:\Users\Me\AppData\Local\Temp\VMBuilds\BatMon\adafruit_feather52832\Release/core.a(delay.c.o)
                              BatMon.cpp.o (millis)
C:\Users\Me\AppData\Local\Temp\VMBuilds\BatMon\adafruit_feather52832\Release/core.a(wiring_analog_nRF52.c.o)
                              BatMon.cpp.o (analogRead)
C:\Users\Me\AppData\Local\Temp\VMBuilds\BatMon\adafruit_feather52832\Release/core.a(wiring_digital.c.o)
                              C:\Users\Me\AppData\Local\Temp\VMBCore\arduino16x\4c960a5e9df1af619f469e3958fefb69\variant\variant.cpp.o (pinMode)
C:\Users\Me\AppData\Local\Temp\VMBuilds\BatMon\adafruit_feather52832\Release/core.a(queue.c.o)
                              Bluefruit52Lib\BLEConnection.cpp.o (xQueueGenericCreate)
C:\Users\Me\AppData\Local\Temp\VMBuilds\BatMon\adafruit_feather52832\Release/core.a(tasks.c.o)
                              Bluefruit52Lib\bluefruit.cpp.o (xTaskCreate)
C:\Users\Me\AppData\Local\Temp\VMBuilds\BatMon\adafruit_feather52832\Release/core.a(timers.c.o)
                              C:\Users\Me\AppData\Local\Temp\VMBuilds\BatMon\adafruit_feather52832\Release/core.a(tasks.c.o) (xTimerCreateTimerTask)
C:\Users\Me\AppData\Local\Temp\VMBuilds\BatMon\adafruit_feather52832\Release/core.a(heap_3.c.o)
                              Bluefruit52Lib\BLECharacteristic.cpp.o (pvPortMalloc)
C:\Users\Me\AppData\Local\Temp\VMBuilds\BatMon\adafruit_feather52832\Release/core.a(system_nrf52.c.o)
                              C:\Users\Me\AppData\Local\Temp\VMBuilds\BatMon\adafruit_feather52832\Release/core.a(gcc_startup_nrf52.S.o) (SystemInit)
C:\Users\Me\AppData\Local\Temp\VMBuilds\BatMon\adafruit_feather52832\Release/core.a(AdaCallback.c.o)
                              Bluefruit52Lib\BLEAdvertising.cpp.o (ada_callback_invoke)
C:\Users\Me\AppData\Local\Temp\VMBuilds\BatMon\adafruit_feather52832\Release/core.a(utilities.c.o)
                              Bluefruit52Lib\services\BLEDis.cpp.o (getBootloaderVersion)
C:\Users\Me\AppData\Local\Temp\VMBuilds\BatMon\adafruit_feather52832\Release/core.a(main.cpp.o)
                              c:/users/me/appdata/local/arduino15/packages/arduino/tools/arm-none-eabi-gcc/7-2017q4/bin/../lib/gcc/arm-none-eabi/7.2.1/../../../../arm-none-eabi/lib/thumb/v7e-m/fpv4-sp/hard/crt0.o (main)
C:\Users\Me\AppData\Local\Temp\VMBuilds\BatMon\adafruit_feather52832\Release/core.a(new.cpp.o)
                              Bluefruit52Lib\bluefruit.cpp.o (operator new(unsigned int))
C:\Users\Me\AppData\Local\Temp\VMBuilds\BatMon\adafruit_feather52832\Release/core.a(Print.cpp.o)
                              Bluefruit52Lib\services\BLEMidi.cpp.o (Print::write(unsigned char const*, unsigned int))
C:\Users\Me\AppData\Local\Temp\VMBuilds\BatMon\adafruit_feather52832\Release/core.a(RingBuffer.cpp.o)
                              Wire\Wire_nRF52.cpp.o (RingBuffer::RingBuffer())
C:\Users\Me\AppData\Local\Temp\VMBuilds\BatMon\adafruit_feather52832\Release/core.a(rtos.cpp.o)
                              C:\Users\Me\AppData\Local\Temp\VMBuilds\BatMon\adafruit_feather52832\Release/core.a(main.cpp.o) (yield)
C:\Users\Me\AppData\Local\Temp\VMBuilds\BatMon\adafruit_feather52832\Release/core.a(Uart.cpp.o)
                              C:\Users\Me\AppData\Local\Temp\VMBuilds\BatMon\adafruit_feather52832\Release/core.a(main.cpp.o) (Uart::write(unsigned char const*, unsigned int))
C:\Users\Me\AppData\Local\Temp\VMBuilds\BatMon\adafruit_feather52832\Release/core.a(WString.cpp.o)
                              BatMon.cpp.o (String::String(char const*))
C:\Users\Me\AppData\Local\Temp\VMBuilds\BatMon\adafruit_feather52832\Release/core.a(adafruit_fifo.cpp.o)
                              Bluefruit52Lib\clients\BLEClientUart.cpp.o (Adafruit_FIFO::Adafruit_FIFO(unsigned char, unsigned short))
C:\Users\Me\AppData\Local\Temp\VMBuilds\BatMon\adafruit_feather52832\Release/core.a(hooks.c.o)
                              C:\Users\Me\AppData\Local\Temp\VMBuilds\BatMon\adafruit_feather52832\Release/core.a(tasks.c.o) (vApplicationIdleHook)
C:\Users\Me\AppData\Local\Temp\VMBuilds\BatMon\adafruit_feather52832\Release/core.a(itoa.c.o)
                              C:\Users\Me\AppData\Local\Temp\VMBuilds\BatMon\adafruit_feather52832\Release/core.a(WString.cpp.o) (ltoa)
C:\Users\Me\AppData\Local\Temp\VMBuilds\BatMon\adafruit_feather52832\Release/core.a(wiring.c.o)
                              C:\Users\Me\AppData\Local\Temp\VMBuilds\BatMon\adafruit_feather52832\Release/core.a(main.cpp.o) (init)
C:\Users\Me\AppData\Local\Temp\VMBuilds\BatMon\adafruit_feather52832\Release/core.a(dtostrf.c.o)
                              C:\Users\Me\AppData\Local\Temp\VMBuilds\BatMon\adafruit_feather52832\Release/core.a(WString.cpp.o) (dtostrf)
[...]
Memory Configuration

Name             Origin             Length             Attributes
FLASH            0x00026000         0x00047000         xr
RAM              0x20003600         0x0000ca00         xrw
*default*        0x00000000         0xffffffff

Linker script and memory map

                0x00000800                __StackSize = 0x800
                0x20010000                PROVIDE (__StackTop, (ORIGIN (RAM) + LENGTH (RAM)))
                0x2000f800                PROVIDE (__StackLimit, (__StackTop - __StackSize))
                0x20010000                PROVIDE (__stack, __StackTop)
                0x00026000                __flash_arduino_start = ORIGIN (FLASH)
                0x0006d000                __flash_arduino_end = (ORIGIN (FLASH) + LENGTH (FLASH))

.text           0x00026000    0x10cb8
 *(.isr_vector)
 .isr_vector    0x00026000      0x200 C:\Users\Me\AppData\Local\Temp\VMBuilds\BatMon\adafruit_feather52832\Release/core.a(gcc_startup_nrf52.S.o)
                0x00026000                __isr_vector
 *(.text*)
 .text.startup  0x00026200       0x10 c:/users/me/appdata/local/arduino15/packages/arduino/tools/arm-none-eabi-gcc/7-2017q4/bin/../lib/gcc/arm-none-eabi/7.2.1/thumb/v7e-m/fpv4-sp/hard/crtfastmath.o
 .text          0x00026210       0x40 c:/users/me/appdata/local/arduino15/packages/arduino/tools/arm-none-eabi-gcc/7-2017q4/bin/../lib/gcc/arm-none-eabi/7.2.1/thumb/v7e-m/fpv4-sp/hard/crtbegin.o
 .text          0x00026250       0x74 c:/users/me/appdata/local/arduino15/packages/arduino/tools/arm-none-eabi-gcc/7-2017q4/bin/../lib/gcc/arm-none-eabi/7.2.1/../../../../arm-none-eabi/lib/thumb/v7e-m/fpv4-sp/hard/crt0.o
                0x00026250                _start
                0x00026250                _mainCRTStartup
 .text._Z16connect_callbackt
                0x000262c4       0xa8 BatMon.cpp.o
                0x000262c4                connect_callback(unsigned short)
 .text._Z19disconnect_callbackth
                0x0002636c       0x30 BatMon.cpp.o
                0x0002636c                disconnect_callback(unsigned short, unsigned char)
 .text._Z13cccd_callbacktP17BLECharacteristict
                0x0002639c       0x30 BatMon.cpp.o
                0x0002639c                cccd_callback(unsigned short, BLECharacteristic*, unsigned short)
 *fill*         0x000263cc        0x4 
 .text._Z11readVoltagev
                0x000263d0      0x1cc BatMon.cpp.o
                0x000263d0                readVoltage()
 .text.loop     0x0002659c      0x1b0 BatMon.cpp.o
                0x0002659c                loop
 .text.startup._GLOBAL__sub_I_bleService
                0x0002674c      0x1e8 BatMon.cpp.o
 .text._Z14setupCellCharsv
                0x00026934      0x248 BatMon.cpp.o
                0x00026934                setupCellChars()
 .text.setup    0x00026b7c      0x178 BatMon.cpp.o
                0x00026b7c                setup
 .text.sd_ble_gap_adv_set_configure
                0x00026cf4        0x4 Bluefruit52Lib\BLEAdvertising.cpp.o
 .text.sd_ble_gap_adv_start
                0x00026cf8        0x4 Bluefruit52Lib\BLEAdvertising.cpp.o
 .text.sd_ble_gap_tx_power_set
                0x00026cfc        0x4 Bluefruit52Lib\BLEAdvertising.cpp.o
 .text._ZN18BLEAdvertisingData7addUuidEP7BLEUuidh.constprop.3
                0x00026d00       0x6c Bluefruit52Lib\BLEAdvertising.cpp.o
 .text._ZN18BLEAdvertisingDataC2Ev
                0x00026d6c        0x8 Bluefruit52Lib\BLEAdvertising.cpp.o
                0x00026d6c                BLEAdvertisingData::BLEAdvertisingData()
                0x00026d6c                BLEAdvertisingData::BLEAdvertisingData()
 .text._ZN18BLEAdvertisingData10addServiceER10BLEService
                0x00026d74       0x20 Bluefruit52Lib\BLEAdvertising.cpp.o
                0x00026d74                BLEAdvertisingData::addService(BLEService&)
 .text._ZN18BLEAdvertisingData7addNameEv
                0x00026d94       0x5c Bluefruit52Lib\BLEAdvertising.cpp.o
                0x00026d94                BLEAdvertisingData::addName()
 .text._ZN18BLEAdvertisingData10addTxPowerEv
                0x00026df0       0x30 Bluefruit52Lib\BLEAdvertising.cpp.o
                0x00026df0                BLEAdvertisingData::addTxPower()
 .text._ZN18BLEAdvertisingData8addFlagsEh
                0x00026e20       0x28 Bluefruit52Lib\BLEAdvertising.cpp.o
                0x00026e20                BLEAdvertisingData::addFlags(unsigned char)
 .text._ZN14BLEAdvertisingC2Ev
                0x00026e48       0x34 Bluefruit52Lib\BLEAdvertising.cpp.o
                0x00026e48                BLEAdvertising::BLEAdvertising()
                0x00026e48                BLEAdvertising::BLEAdvertising()
 .text._ZN14BLEAdvertising14setFastTimeoutEt
                0x00026e7c        0x4 Bluefruit52Lib\BLEAdvertising.cpp.o
                0x00026e7c                BLEAdvertising::setFastTimeout(unsigned short)
 .text._ZN14BLEAdvertising11setIntervalEtt
                0x00026e80        0x8 Bluefruit52Lib\BLEAdvertising.cpp.o
                0x00026e80                BLEAdvertising::setInterval(unsigned short, unsigned short)
 .text._ZN14BLEAdvertising19restartOnDisconnectEb
                0x00026e88        0x8 Bluefruit52Lib\BLEAdvertising.cpp.o
                0x00026e88                BLEAdvertising::restartOnDisconnect(bool)
 .text._ZN14BLEAdvertising6_startEtt
                0x00026e90       0xb0 Bluefruit52Lib\BLEAdvertising.cpp.o
                0x00026e90                BLEAdvertising::_start(unsigned short, unsigned short)
 .text._ZN14BLEAdvertising5startEt
                0x00026f40       0xc0 Bluefruit52Lib\BLEAdvertising.cpp.o
                0x00026f40                BLEAdvertising::start(unsigned short)
 .text._ZN14BLEAdvertising13_eventHandlerEP9ble_evt_t
                0x00027000       0xe8 Bluefruit52Lib\BLEAdvertising.cpp.o
                0x00027000                BLEAdvertising::_eventHandler(ble_evt_t*)
 .text.sd_ble_gap_conn_param_update
                0x000270e8        0x4 Bluefruit52Lib\BLECentral.cpp.o
 .text._ZN10BLECentralC2Ev
                0x000270ec       0x1c Bluefruit52Lib\BLECentral.cpp.o
                0x000270ec                BLECentral::BLECentral()
                0x000270ec                BLECentral::BLECentral()
 .text._ZN10BLECentral5beginEv
                0x00027108        0xc Bluefruit52Lib\BLECentral.cpp.o
                0x00027108                BLECentral::begin()
 .text._ZN10BLECentral9connectedEv
                0x00027114       0x38 Bluefruit52Lib\BLECentral.cpp.o
                0x00027114                BLECentral::connected()
 .text._ZN10BLECentral13_eventHandlerEP9ble_evt_t
                0x0002714c       0x30 Bluefruit52Lib\BLECentral.cpp.o
                0x0002714c                BLECentral::_eventHandler(ble_evt_t*)
 .text.sd_ble_gatts_characteristic_add
                0x0002717c        0x4 Bluefruit52Lib\BLECharacteristic.cpp.o
 .text.sd_ble_gatts_descriptor_add
                0x00027180        0x4 Bluefruit52Lib\BLECharacteristic.cpp.o
 .text.sd_ble_gatts_value_set
                0x00027184        0x4 Bluefruit52Lib\BLECharacteristic.cpp.o
 .text.sd_ble_gatts_rw_authorize_reply
                0x00027188        0x4 Bluefruit52Lib\BLECharacteristic.cpp.o
 .text._ZN17BLECharacteristicD2Ev
                0x0002718c        0x4 Bluefruit52Lib\BLECharacteristic.cpp.o
                0x0002718c                BLECharacteristic::~BLECharacteristic()
                0x0002718c                BLECharacteristic::~BLECharacteristic()
 .text._ZN17BLECharacteristicD0Ev
                0x00027190        0xc Bluefruit52Lib\BLECharacteristic.cpp.o
                0x00027190                BLECharacteristic::~BLECharacteristic()
 .text._ZN17BLECharacteristic5beginEv
                0x0002719c      0x188 Bluefruit52Lib\BLECharacteristic.cpp.o
                0x0002719c                BLECharacteristic::begin()
 .text._ZN17BLECharacteristic13_eventHandlerEP9ble_evt_t
                0x00027324      0x258 Bluefruit52Lib\BLECharacteristic.cpp.o
                0x00027324                BLECharacteristic::_eventHandler(ble_evt_t*)
 .text._ZN17BLECharacteristicC2Ev
                0x0002757c       0x68 Bluefruit52Lib\BLECharacteristic.cpp.o
                0x0002757c                BLECharacteristic::BLECharacteristic()
                0x0002757c                BLECharacteristic::BLECharacteristic()
 .text._ZN17BLECharacteristicC2E7BLEUuid
                0x000275e4       0x7c Bluefruit52Lib\BLECharacteristic.cpp.o
                0x000275e4                BLECharacteristic::BLECharacteristic(BLEUuid)
                0x000275e4                BLECharacteristic::BLECharacteristic(BLEUuid)
 .text._ZN17BLECharacteristic7setUuidE7BLEUuid
                0x00027660       0x1c Bluefruit52Lib\BLECharacteristic.cpp.o
                0x00027660                BLECharacteristic::setUuid(BLEUuid)
 .text._ZN17BLECharacteristic13setTempMemoryEv
                0x0002767c        0x8 Bluefruit52Lib\BLECharacteristic.cpp.o
                0x0002767c                BLECharacteristic::setTempMemory()
 .text._ZN17BLECharacteristic13setPropertiesEh
                0x00027684        0x8 Bluefruit52Lib\BLECharacteristic.cpp.o
                0x00027684                BLECharacteristic::setProperties(unsigned char)
 .text._ZN17BLECharacteristic11setFixedLenEt
                0x0002768c       0x24 Bluefruit52Lib\BLECharacteristic.cpp.o
                0x0002768c                BLECharacteristic::setFixedLen(unsigned short)
 .text._ZN17BLECharacteristic13setPermissionE15BleSecurityModeS0_
                0x000276b0        0xc Bluefruit52Lib\BLECharacteristic.cpp.o
                0x000276b0                BLECharacteristic::setPermission(BleSecurityMode, BleSecurityMode)
 .text._ZN17BLECharacteristic20setCccdWriteCallbackEPFvtPS_tEb
                0x000276bc       0x10 Bluefruit52Lib\BLECharacteristic.cpp.o
                0x000276bc                BLECharacteristic::setCccdWriteCallback(void (*)(unsigned short, BLECharacteristic*, unsigned short), bool)
 .text._ZN17BLECharacteristic7handlesEv
                0x000276cc        0xc Bluefruit52Lib\BLECharacteristic.cpp.o
                0x000276cc                BLECharacteristic::handles()
 .text._ZN17BLECharacteristic5writeEPKvt
                0x000276d8       0x34 Bluefruit52Lib\BLECharacteristic.cpp.o
                0x000276d8                BLECharacteristic::write(void const*, unsigned short)
 .text._ZN17BLECharacteristic7write16Et
                0x0002770c       0x3c Bluefruit52Lib\BLECharacteristic.cpp.o
                0x0002770c                BLECharacteristic::write16(unsigned short)
 .text.sd_ble_gattc_read
                0x00027748        0x4 Bluefruit52Lib\BLEClientCharacteristic.cpp.o
 .text.sd_ble_gattc_write
                0x0002774c        0x4 Bluefruit52Lib\BLEClientCharacteristic.cpp.o
 .text.sd_ble_gattc_hv_confirm
                0x00027750        0x4 Bluefruit52Lib\BLEClientCharacteristic.cpp.o
 .text._ZN23BLEClientCharacteristic10disconnectEv
                0x00027754        0x8 Bluefruit52Lib\BLEClientCharacteristic.cpp.o
                0x00027754                BLEClientCharacteristic::disconnect()
 .text._ZN23BLEClientCharacteristic10connHandleEv
                0x0002775c        0x8 Bluefruit52Lib\BLEClientCharacteristic.cpp.o
                0x0002775c                BLEClientCharacteristic::connHandle()
 .text._ZN23BLEClientCharacteristic11valueHandleEv
                0x00027764        0x4 Bluefruit52Lib\BLEClientCharacteristic.cpp.o
                0x00027764                BLEClientCharacteristic::valueHandle()
 .text._ZN23BLEClientCharacteristic13_eventHandlerEP9ble_evt_t
                0x00027768      0x1b4 Bluefruit52Lib\BLEClientCharacteristic.cpp.o
                0x00027768                BLEClientCharacteristic::_eventHandler(ble_evt_t*)
 .text._ZN16BLEClientService10connHandleEv
                0x0002791c        0x4 Bluefruit52Lib\BLEClientService.cpp.o
                0x0002791c                BLEClientService::connHandle()
 .text.sd_ble_gap_sec_params_reply
                0x00027920        0x4 Bluefruit52Lib\BLEConnection.cpp.o
 .text.sd_ble_gap_sec_info_reply
                0x00027924        0x4 Bluefruit52Lib\BLEConnection.cpp.o
 .text.sd_ble_gap_phy_update
                0x00027928        0x4 Bluefruit52Lib\BLEConnection.cpp.o
 .text.sd_ble_gap_data_length_update
                0x0002792c        0x4 Bluefruit52Lib\BLEConnection.cpp.o
 .text.sd_ble_gatts_sys_attr_set
                0x00027930        0x4 Bluefruit52Lib\BLEConnection.cpp.o
 .text.sd_ble_gatts_exchange_mtu_reply
                0x00027934        0x4 Bluefruit52Lib\BLEConnection.cpp.o
 .text._ZN13BLEConnectionD2Ev
                0x00027938       0x24 Bluefruit52Lib\BLEConnection.cpp.o
                0x00027938                BLEConnection::~BLEConnection()
                0x00027938                BLEConnection::~BLEConnection()
 .text._ZN13BLEConnectionD0Ev
                0x0002795c       0x2c Bluefruit52Lib\BLEConnection.cpp.o
                0x0002795c                BLEConnection::~BLEConnection()
 .text._ZN13BLEConnectionC2EtPK23ble_gap_evt_connected_thh
                0x00027988       0x60 Bluefruit52Lib\BLEConnection.cpp.o
                0x00027988                BLEConnection::BLEConnection(unsigned short, ble_gap_evt_connected_t const*, unsigned char, unsigned char)
                0x00027988                BLEConnection::BLEConnection(unsigned short, ble_gap_evt_connected_t const*, unsigned char, unsigned char)
 .text._ZN13BLEConnection9connectedEv
                0x000279e8        0x4 Bluefruit52Lib\BLEConnection.cpp.o
                0x000279e8                BLEConnection::connected()
 .text._ZN13BLEConnection6pairedEv
                0x000279ec        0x4 Bluefruit52Lib\BLEConnection.cpp.o
                0x000279ec                BLEConnection::paired()
 .text._ZN13BLEConnection7getRoleEv
                0x000279f0        0x4 Bluefruit52Lib\BLEConnection.cpp.o
                0x000279f0                BLEConnection::getRole()
 .text._ZN13BLEConnection6getMtuEv
                0x000279f4        0x4 Bluefruit52Lib\BLEConnection.cpp.o
                0x000279f4                BLEConnection::getMtu()
 .text._ZN13BLEConnection21getConnectionIntervalEv
                0x000279f8        0x4 Bluefruit52Lib\BLEConnection.cpp.o
                0x000279f8                BLEConnection::getConnectionInterval()
 .text._ZN13BLEConnection11getPeerNameEPct
                0x000279fc       0x3c Bluefruit52Lib\BLEConnection.cpp.o
                0x000279fc                BLEConnection::getPeerName(char*, unsigned short)
 .text._ZN13BLEConnection9storeCccdEv
                0x00027a38        0xc Bluefruit52Lib\BLEConnection.cpp.o
                0x00027a38                BLEConnection::storeCccd()
 .text._ZN13BLEConnection13_eventHandlerEP9ble_evt_t
                0x00027a44      0x290 Bluefruit52Lib\BLEConnection.cpp.o
                0x00027a44                BLEConnection::_eventHandler(ble_evt_t*)
 .text._ZN12BLEDiscoveryC2Ev
                0x00027cd4       0x1c Bluefruit52Lib\BLEDiscovery.cpp.o
                0x00027cd4                BLEDiscovery::BLEDiscovery()
                0x00027cd4                BLEDiscovery::BLEDiscovery()
 .text._ZN12BLEDiscovery5beginEv
                0x00027cf0       0x18 Bluefruit52Lib\BLEDiscovery.cpp.o
                0x00027cf0                BLEDiscovery::begin()
 .text._ZN12BLEDiscovery5begunEv
                0x00027d08        0x4 Bluefruit52Lib\BLEDiscovery.cpp.o
                0x00027d08                BLEDiscovery::begun()
 .text._ZN12BLEDiscovery13_eventHandlerEP9ble_evt_t
                0x00027d0c       0x68 Bluefruit52Lib\BLEDiscovery.cpp.o
                0x00027d0c                BLEDiscovery::_eventHandler(ble_evt_t*)
 .text.sd_ble_gattc_char_value_by_uuid_read
                0x00027d74        0x4 Bluefruit52Lib\BLEGatt.cpp.o
 .text._ZN7BLEGattC2Ev
                0x00027d78       0x28 Bluefruit52Lib\BLEGatt.cpp.o
                0x00027d78                BLEGatt::BLEGatt()
                0x00027d78                BLEGatt::BLEGatt()
 .text._ZN7BLEGatt14readCharByUuidEt7BLEUuidPvttt
                0x00027da0       0x88 Bluefruit52Lib\BLEGatt.cpp.o
                0x00027da0                BLEGatt::readCharByUuid(unsigned short, BLEUuid, void*, unsigned short, unsigned short, unsigned short)
 .text._ZN7BLEGatt13_eventHandlerEP9ble_evt_t
                0x00027e28      0x214 Bluefruit52Lib\BLEGatt.cpp.o
                0x00027e28                BLEGatt::_eventHandler(ble_evt_t*)
 .text._ZN7BLEGatt18_addCharacteristicEP17BLECharacteristic
                0x0002803c       0x28 Bluefruit52Lib\BLEGatt.cpp.o
                0x0002803c                BLEGatt::_addCharacteristic(BLECharacteristic*)
 .text._ZN7BLEGatt11_addServiceEP10BLEService
                0x00028064       0x18 Bluefruit52Lib\BLEGatt.cpp.o
                0x00028064                BLEGatt::_addService(BLEService*)
 .text.sd_ble_gap_conn_param_update
                0x0002807c        0x4 Bluefruit52Lib\BLEPeriph.cpp.o
 .text.sd_ble_gap_appearance_set
                0x00028080        0x4 Bluefruit52Lib\BLEPeriph.cpp.o
 .text.sd_ble_gap_ppcp_set
                0x00028084        0x4 Bluefruit52Lib\BLEPeriph.cpp.o
 .text._ZN9BLEPeriphC2Ev
                0x00028088       0x1c Bluefruit52Lib\BLEPeriph.cpp.o
                0x00028088                BLEPeriph::BLEPeriph()
                0x00028088                BLEPeriph::BLEPeriph()
 .text._ZN9BLEPeriph5beginEv
                0x000280a4       0x18 Bluefruit52Lib\BLEPeriph.cpp.o
                0x000280a4                BLEPeriph::begin()
 .text._ZN9BLEPeriph9connectedEv
                0x000280bc       0x38 Bluefruit52Lib\BLEPeriph.cpp.o
                0x000280bc                BLEPeriph::connected()
 .text._ZN9BLEPeriph18setConnectCallbackEPFvtE
                0x000280f4        0x4 Bluefruit52Lib\BLEPeriph.cpp.o
                0x000280f4                BLEPeriph::setConnectCallback(void (*)(unsigned short))
 .text._ZN9BLEPeriph21setDisconnectCallbackEPFvthE
                0x000280f8        0x4 Bluefruit52Lib\BLEPeriph.cpp.o
                0x000280f8                BLEPeriph::setDisconnectCallback(void (*)(unsigned short, unsigned char))
 .text._ZN9BLEPeriph13_eventHandlerEP9ble_evt_t
                0x000280fc       0x34 Bluefruit52Lib\BLEPeriph.cpp.o
                0x000280fc                BLEPeriph::_eventHandler(ble_evt_t*)
 .text.sd_ble_gap_scan_start
                0x00028130        0x4 Bluefruit52Lib\BLEScanner.cpp.o
 .text._ZN10BLEScannerC2Ev
                0x00028134       0x48 Bluefruit52Lib\BLEScanner.cpp.o
                0x00028134                BLEScanner::BLEScanner()
                0x00028134                BLEScanner::BLEScanner()
 .text._ZN10BLEScanner18checkReportForUuidEPK24ble_gap_evt_adv_report_t7BLEUuid
                0x0002817c       0xbc Bluefruit52Lib\BLEScanner.cpp.o
                0x0002817c                BLEScanner::checkReportForUuid(ble_gap_evt_adv_report_t const*, BLEUuid)
 .text._ZN10BLEScanner13_eventHandlerEP9ble_evt_t
                0x00028238      0x178 Bluefruit52Lib\BLEScanner.cpp.o
                0x00028238                BLEScanner::_eventHandler(ble_evt_t*)
 .text.sd_ble_gatts_service_add
                0x000283b0        0x4 Bluefruit52Lib\BLEService.cpp.o
 .text._ZN10BLEService18svc_disconnect_hdlEt
                0x000283b4        0x4 Bluefruit52Lib\BLEService.cpp.o
                0x000283b4                BLEService::svc_disconnect_hdl(unsigned short)
                0x000283b4                BLEService::svc_connect_hdl(unsigned short)
 .text._ZN10BLEService5beginEv
                0x000283b8       0x3c Bluefruit52Lib\BLEService.cpp.o
                0x000283b8                BLEService::begin()
 .text._ZN10BLEServiceC2E7BLEUuid
                0x000283f4       0x2c Bluefruit52Lib\BLEService.cpp.o
                0x000283f4                BLEService::BLEService(BLEUuid)
                0x000283f4                BLEService::BLEService(BLEUuid)
 .text.sd_ble_uuid_vs_add
                0x00028420        0x4 Bluefruit52Lib\BLEUuid.cpp.o
 .text.sd_ble_uuid_decode
                0x00028424        0x4 Bluefruit52Lib\BLEUuid.cpp.o
 .text._ZN7BLEUuid3setEt
                0x00028428        0xc Bluefruit52Lib\BLEUuid.cpp.o
                0x00028428                BLEUuid::set(unsigned short)
 .text._ZNK7BLEUuid4sizeEv
                0x00028434       0x1c Bluefruit52Lib\BLEUuid.cpp.o
                0x00028434                BLEUuid::size() const
 .text._ZN7BLEUuid5beginEv
                0x00028450       0x28 Bluefruit52Lib\BLEUuid.cpp.o
                0x00028450                BLEUuid::begin()
 .text.sd_evt_get
                0x00028478        0x4 Bluefruit52Lib\bluefruit.cpp.o
 .text.sd_softdevice_enable
                0x0002847c        0x4 Bluefruit52Lib\bluefruit.cpp.o
 .text.sd_ble_gap_device_name_set
                0x00028480        0x4 Bluefruit52Lib\bluefruit.cpp.o
 .text.sd_ble_gap_device_name_get
                0x00028484        0x4 Bluefruit52Lib\bluefruit.cpp.o
 .text.sd_ble_enable
                0x00028488        0x4 Bluefruit52Lib\bluefruit.cpp.o
 .text.sd_ble_cfg_set
                0x0002848c        0x4 Bluefruit52Lib\bluefruit.cpp.o
 .text.sd_ble_evt_get
                0x00028490        0x4 Bluefruit52Lib\bluefruit.cpp.o
 .text.sd_ble_user_mem_reply
                0x00028494        0x4 Bluefruit52Lib\bluefruit.cpp.o
 .text.sd_ble_opt_set
                0x00028498        0x4 Bluefruit52Lib\bluefruit.cpp.o
 .text._ZL12nrf_error_cbmmm
                0x0002849c        0x4 Bluefruit52Lib\bluefruit.cpp.o
 .text._ZL19bluefruit_blinky_cbPv
                0x000284a0        0x8 Bluefruit52Lib\bluefruit.cpp.o
 .text._Z17adafruit_soc_taskPv
                0x000284a8       0x60 Bluefruit52Lib\bluefruit.cpp.o
                0x000284a8                adafruit_soc_task(void*)
 .text._Z17adafruit_ble_taskPv
                0x00028508      0x324 Bluefruit52Lib\bluefruit.cpp.o
                0x00028508                adafruit_ble_task(void*)
 .text._ZN17AdafruitBluefruitC2Ev
                0x0002882c       0xd8 Bluefruit52Lib\bluefruit.cpp.o
                0x0002882c                AdafruitBluefruit::AdafruitBluefruit()
                0x0002882c                AdafruitBluefruit::AdafruitBluefruit()
 .text._ZN17AdafruitBluefruit5beginEhh
                0x00028904      0x2e8 Bluefruit52Lib\bluefruit.cpp.o
                0x00028904                AdafruitBluefruit::begin(unsigned char, unsigned char)
 .text._ZN17AdafruitBluefruit7setNameEPKc
                0x00028bec       0x28 Bluefruit52Lib\bluefruit.cpp.o
                0x00028bec                AdafruitBluefruit::setName(char const*)
 .text._ZN17AdafruitBluefruit7getNameEPct
                0x00028c14       0x28 Bluefruit52Lib\bluefruit.cpp.o
                0x00028c14                AdafruitBluefruit::getName(char*, unsigned short)
 .text._ZN17AdafruitBluefruit10getTxPowerEv
                0x00028c3c        0x8 Bluefruit52Lib\bluefruit.cpp.o
                0x00028c3c                AdafruitBluefruit::getTxPower()
 .text._ZN17AdafruitBluefruit18setConnLedIntervalEm
                0x00028c44       0x44 Bluefruit52Lib\bluefruit.cpp.o
                0x00028c44                AdafruitBluefruit::setConnLedInterval(unsigned long)
 .text._ZN17AdafruitBluefruit9connectedEv
                0x00028c88       0x28 Bluefruit52Lib\bluefruit.cpp.o
                0x00028c88                AdafruitBluefruit::connected()
 .text._ZN17AdafruitBluefruit9getMaxMtuEh
                0x00028cb0       0x10 Bluefruit52Lib\bluefruit.cpp.o
                0x00028cb0                AdafruitBluefruit::getMaxMtu(unsigned char)
 .text._ZN17AdafruitBluefruit10ConnectionEt
                0x00028cc0       0x10 Bluefruit52Lib\bluefruit.cpp.o
                0x00028cc0                AdafruitBluefruit::Connection(unsigned short)
 .text.SWI2_EGU2_IRQHandler
                0x00028cd0       0x20 Bluefruit52Lib\bluefruit.cpp.o
                0x00028cd0                SWI2_EGU2_IRQHandler
 .text._ZN17AdafruitBluefruit13_startConnLedEv
                0x00028cf0       0x28 Bluefruit52Lib\bluefruit.cpp.o
                0x00028cf0                AdafruitBluefruit::_startConnLed()
 .text._ZN17AdafruitBluefruit12_stopConnLedEv
                0x00028d18       0x54 Bluefruit52Lib\bluefruit.cpp.o
                0x00028d18                AdafruitBluefruit::_stopConnLed()
 .text.startup._GLOBAL__sub_I_Bluefruit
                0x00028d6c        0xc Bluefruit52Lib\bluefruit.cpp.o
 .text._ZN5Print17availableForWriteEv
                0x00028d78        0x4 Bluefruit52Lib\clients\BLEClientUart.cpp.o
                0x00028d78                Print::availableForWrite()
 .text._ZN6BLEDisC2Ev
                0x00028d7c       0x6c Bluefruit52Lib\services\BLEDis.cpp.o
                0x00028d7c                BLEDis::BLEDis()
                0x00028d7c                BLEDis::BLEDis()
 .text._ZN6BLEDis8setModelEPKch
                0x00028de8        0x8 Bluefruit52Lib\services\BLEDis.cpp.o
                0x00028de8                BLEDis::setModel(char const*, unsigned char)
 .text._ZN6BLEDis15setManufacturerEPKch
                0x00028df0        0x8 Bluefruit52Lib\services\BLEDis.cpp.o
                0x00028df0                BLEDis::setManufacturer(char const*, unsigned char)
 .text._ZN6BLEDis5beginEv
                0x00028df8       0xdc Bluefruit52Lib\services\BLEDis.cpp.o
                0x00028df8                BLEDis::begin()
 .text._ZN6AdaMsgC2Ev
                0x00028ed4       0x14 Bluefruit52Lib\utility\AdaMsg.cpp.o
                0x00028ed4                AdaMsg::AdaMsg()
                0x00028ed4                AdaMsg::AdaMsg()
 .text._ZN6AdaMsg5beginEb
                0x00028ee8       0x14 Bluefruit52Lib\utility\AdaMsg.cpp.o
                0x00028ee8                AdaMsg::begin(bool)
 .text._ZN6AdaMsg4stopEv
                0x00028efc       0x20 Bluefruit52Lib\utility\AdaMsg.cpp.o
                0x00028efc                AdaMsg::stop()
 .text._ZN6AdaMsg7prepareEPvt
                0x00028f1c        0xc Bluefruit52Lib\utility\AdaMsg.cpp.o
                0x00028f1c                AdaMsg::prepare(void*, unsigned short)
 .text._ZN6AdaMsg17waitUntilCompleteEm
                0x00028f28       0x58 Bluefruit52Lib\utility\AdaMsg.cpp.o
                0x00028f28                AdaMsg::waitUntilComplete(unsigned long)
 .text._ZN6AdaMsg9isWaitingEv
                0x00028f80        0x4 Bluefruit52Lib\utility\AdaMsg.cpp.o
                0x00028f80                AdaMsg::isWaiting()
 .text._ZN6AdaMsg4feedEPvt
                0x00028f84       0x30 Bluefruit52Lib\utility\AdaMsg.cpp.o
                0x00028f84                AdaMsg::feed(void*, unsigned short)
 .text._ZN6AdaMsg8completeEv
                0x00028fb4       0x10 Bluefruit52Lib\utility\AdaMsg.cpp.o
                0x00028fb4                AdaMsg::complete()
 .text.sd_ble_gatts_sys_attr_set
                0x00028fc4        0x4 Bluefruit52Lib\utility\bonding.cpp.o
 .text.sd_ble_gatts_sys_attr_get
                0x00028fc8        0x4 Bluefruit52Lib\utility\bonding.cpp.o
 .text._Z9bond_initv
                0x00028fcc       0x40 Bluefruit52Lib\utility\bonding.cpp.o
                0x00028fcc                bond_init()
 .text._Z14bond_save_keyshtP11bond_keys_t
                0x0002900c       0x24 Bluefruit52Lib\utility\bonding.cpp.o
                0x0002900c                bond_save_keys(unsigned char, unsigned short, bond_keys_t*)
 .text._Z14bond_save_cccdhtt
                0x00029030       0x34 Bluefruit52Lib\utility\bonding.cpp.o
                0x00029030                bond_save_cccd(unsigned char, unsigned short, unsigned short)
 .text._Z14bond_load_keyshtP11bond_keys_t
                0x00029064       0x60 Bluefruit52Lib\utility\bonding.cpp.o
                0x00029064                bond_load_keys(unsigned char, unsigned short, bond_keys_t*)
 .text._Z14bond_load_cccdhtt
                0x000290c4       0xe4 Bluefruit52Lib\utility\bonding.cpp.o
                0x000290c4                bond_load_cccd(unsigned char, unsigned short, unsigned short)
 .text._ZL18bond_save_keys_dfrhtP11bond_keys_t
                0x000291a8       0xfc Bluefruit52Lib\utility\bonding.cpp.o
 .text._ZL18bond_save_cccd_dfrhtt
                0x000292a4       0xfc Bluefruit52Lib\utility\bonding.cpp.o
 .text._ZN16Adafruit_ADS1115C2Eh
                0x000293a0       0x14 Adafruit_ADS1X15\Adafruit_ADS1015.cpp.o
                0x000293a0                Adafruit_ADS1115::Adafruit_ADS1115(unsigned char)
                0x000293a0                Adafruit_ADS1115::Adafruit_ADS1115(unsigned char)
 .text._ZN16Adafruit_ADS10155beginEv
                0x000293b4        0xc Adafruit_ADS1X15\Adafruit_ADS1015.cpp.o
                0x000293b4                Adafruit_ADS1015::begin()
 .text._ZN16Adafruit_ADS101519readADC_SingleEndedEh
                0x000293c0       0xb0 Adafruit_ADS1X15\Adafruit_ADS1015.cpp.o
                0x000293c0                Adafruit_ADS1015::readADC_SingleEnded(unsigned char)
 .text._ZN7TwoWire5flushEv
                0x00029470        0x4 Wire\Wire_nRF52.cpp.o
                0x00029470                TwoWire::flush()
 .text._ZN7TwoWire9availableEv
                0x00029474        0x8 Wire\Wire_nRF52.cpp.o
                0x00029474                TwoWire::available()
 .text._ZN7TwoWire4readEv
                0x0002947c        0x8 Wire\Wire_nRF52.cpp.o
                0x0002947c                TwoWire::read()
 .text._ZN7TwoWire4peekEv
                0x00029484        0x8 Wire\Wire_nRF52.cpp.o
                0x00029484                TwoWire::peek()
 .text._ZN7TwoWire5writeEh
                0x0002948c       0x28 Wire\Wire_nRF52.cpp.o
                0x0002948c                TwoWire::write(unsigned char)
 .text._ZN7TwoWire5writeEPKhj
                0x000294b4       0x68 Wire\Wire_nRF52.cpp.o
                0x000294b4                TwoWire::write(unsigned char const*, unsigned int)
 .text._ZN7TwoWire5beginEv
                0x0002951c       0x98 Wire\Wire_nRF52.cpp.o
                0x0002951c                TwoWire::begin()
 .text._ZN7TwoWire11requestFromEhj
                0x000295b4       0x94 Wire\Wire_nRF52.cpp.o
                0x000295b4                TwoWire::requestFrom(unsigned char, unsigned int)
 .text._ZN7TwoWire17beginTransmissionEh
                0x00029648       0x14 Wire\Wire_nRF52.cpp.o
                0x00029648                TwoWire::beginTransmission(unsigned char)
 .text._ZN7TwoWire15endTransmissionEv
                0x0002965c       0xa8 Wire\Wire_nRF52.cpp.o
                0x0002965c                TwoWire::endTransmission()
 .text.SPIM0_SPIS0_TWIM0_TWIS0_SPI0_TWI0_IRQHandler
                0x00029704       0xb0 Wire\Wire_nRF52.cpp.o
                0x00029704                SPIM0_SPIS0_TWIM0_TWIS0_SPI0_TWI0_IRQHandler
 .text.startup._GLOBAL__sub_I__ZN7TwoWireC2EP13NRF_TWIM_TypeP13NRF_TWIS_Type9IRQn_Typehh
                0x000297b4       0x4c Wire\Wire_nRF52.cpp.o
 .text._ZN17Adafruit_LittleFSD2Ev
                0x00029800        0x4 Adafruit_LittleFS\Adafruit_LittleFS.cpp.o
                0x00029800                Adafruit_LittleFS::~Adafruit_LittleFS()
                0x00029800                Adafruit_LittleFS::~Adafruit_LittleFS()
 .text._ZN17Adafruit_LittleFSD0Ev
                0x00029804        0xc Adafruit_LittleFS\Adafruit_LittleFS.cpp.o
                0x00029804                Adafruit_LittleFS::~Adafruit_LittleFS()
 .text._ZN17Adafruit_LittleFSC2EP10lfs_config
                0x00029810       0x30 Adafruit_LittleFS\Adafruit_LittleFS.cpp.o
                0x00029810                Adafruit_LittleFS::Adafruit_LittleFS(lfs_config*)
                0x00029810                Adafruit_LittleFS::Adafruit_LittleFS(lfs_config*)
 .text._ZN17Adafruit_LittleFS5beginEP10lfs_config
                0x00029840       0x44 Adafruit_LittleFS\Adafruit_LittleFS.cpp.o
                0x00029840                Adafruit_LittleFS::begin(lfs_config*)
 .text._ZN17Adafruit_LittleFS6formatEv
                0x00029884       0x60 Adafruit_LittleFS\Adafruit_LittleFS.cpp.o
                0x00029884                Adafruit_LittleFS::format()
 .text._ZN17Adafruit_LittleFS6existsEPKc
                0x000298e4       0x38 Adafruit_LittleFS\Adafruit_LittleFS.cpp.o
                0x000298e4                Adafruit_LittleFS::exists(char const*)
 .text._ZN17Adafruit_LittleFS5mkdirEPKc
                0x0002991c       0xb4 Adafruit_LittleFS\Adafruit_LittleFS.cpp.o
                0x0002991c                Adafruit_LittleFS::mkdir(char const*)
 .text._ZN17Adafruit_LittleFS6removeEPKc
                0x000299d0       0x30 Adafruit_LittleFS\Adafruit_LittleFS.cpp.o
                0x000299d0                Adafruit_LittleFS::remove(char const*)
 .text._ZN27Adafruit_LittleFS_Namespace4File5writeEPKhj
                0x00029a00       0x40 Adafruit_LittleFS\Adafruit_LittleFS_File.cpp.o
                0x00029a00                Adafruit_LittleFS_Namespace::File::write(unsigned char const*, unsigned int)
 .text._ZN27Adafruit_LittleFS_Namespace4File4peekEv
                0x00029a40       0x70 Adafruit_LittleFS\Adafruit_LittleFS_File.cpp.o
                0x00029a40                Adafruit_LittleFS_Namespace::File::peek()
 .text._ZN27Adafruit_LittleFS_Namespace4File9availableEv
                0x00029ab0       0x44 Adafruit_LittleFS\Adafruit_LittleFS_File.cpp.o
                0x00029ab0                Adafruit_LittleFS_Namespace::File::available()
 .text._ZN27Adafruit_LittleFS_Namespace4File5flushEv
                0x00029af4       0x30 Adafruit_LittleFS\Adafruit_LittleFS_File.cpp.o
                0x00029af4                Adafruit_LittleFS_Namespace::File::flush()
 .text._ZN27Adafruit_LittleFS_Namespace4File4readEv
                0x00029b24       0x5c Adafruit_LittleFS\Adafruit_LittleFS_File.cpp.o
                0x00029b24                Adafruit_LittleFS_Namespace::File::read()
 .text._ZN27Adafruit_LittleFS_Namespace4File5writeEh
                0x00029b80       0x64 Adafruit_LittleFS\Adafruit_LittleFS_File.cpp.o
                0x00029b80                Adafruit_LittleFS_Namespace::File::write(unsigned char)
 .text._ZN27Adafruit_LittleFS_Namespace4FileC2EPKchR17Adafruit_LittleFS
                0x00029be4      0x1ec Adafruit_LittleFS\Adafruit_LittleFS_File.cpp.o
                0x00029be4                Adafruit_LittleFS_Namespace::File::File(char const*, unsigned char, Adafruit_LittleFS&)
                0x00029be4                Adafruit_LittleFS_Namespace::File::File(char const*, unsigned char, Adafruit_LittleFS&)
 .text._ZN27Adafruit_LittleFS_Namespace4File4readEPvt
                0x00029dd0       0x40 Adafruit_LittleFS\Adafruit_LittleFS_File.cpp.o
                0x00029dd0                Adafruit_LittleFS_Namespace::File::read(void*, unsigned short)
 .text._ZN27Adafruit_LittleFS_Namespace4File4seekEm
                0x00029e10       0x3c Adafruit_LittleFS\Adafruit_LittleFS_File.cpp.o
                0x00029e10                Adafruit_LittleFS_Namespace::File::seek(unsigned long)
 .text._ZN27Adafruit_LittleFS_Namespace4File8positionEv
                0x00029e4c       0x38 Adafruit_LittleFS\Adafruit_LittleFS_File.cpp.o
                0x00029e4c                Adafruit_LittleFS_Namespace::File::position()
 .text._ZN27Adafruit_LittleFS_Namespace4File5closeEv
                0x00029e84       0x88 Adafruit_LittleFS\Adafruit_LittleFS_File.cpp.o
                0x00029e84                Adafruit_LittleFS_Namespace::File::close()
 .text._ZN27Adafruit_LittleFS_Namespace4FilecvbEv
                0x00029f0c        0xc Adafruit_LittleFS\Adafruit_LittleFS_File.cpp.o
                0x00029f0c                Adafruit_LittleFS_Namespace::File::operator bool()
 .text.lfs_cache_read.isra.10.constprop.31
                0x00029f18       0xc4 Adafruit_LittleFS\littlefs\lfs.c.o
 .text.lfs_ctz_find.constprop.27
                0x00029fdc      0x104 Adafruit_LittleFS\littlefs\lfs.c.o
 .text.lfs_dir_fetch
                0x0002a0e0      0x11c Adafruit_LittleFS\littlefs\lfs.c.o
 .text.lfs_cache_prog
                0x0002a1fc      0x1e4 Adafruit_LittleFS\littlefs\lfs.c.o
 .text.lfs_cache_prog.constprop.28
                0x0002a3e0      0x10c Adafruit_LittleFS\littlefs\lfs.c.o
 .text.lfs_parent.part.14
                0x0002a4ec      0x24c Adafruit_LittleFS\littlefs\lfs.c.o
 .text.lfs_moved.part.13
                0x0002a738      0x1e8 Adafruit_LittleFS\littlefs\lfs.c.o
 .text.lfs_dir_find
                0x0002a920      0x36c Adafruit_LittleFS\littlefs\lfs.c.o
 .text.lfs_pred
                0x0002ac8c      0x174 Adafruit_LittleFS\littlefs\lfs.c.o
 .text.lfs_file_relocate
                0x0002ae00      0x8c8 Adafruit_LittleFS\littlefs\lfs.c.o
 .text.lfs_dir_alloc
                0x0002b6c8      0x78c Adafruit_LittleFS\littlefs\lfs.c.o
 .text.lfs_dir_open
                0x0002be54      0x15c Adafruit_LittleFS\littlefs\lfs.c.o
                0x0002be54                lfs_dir_open
 .text.lfs_dir_close
                0x0002bfb0       0x28 Adafruit_LittleFS\littlefs\lfs.c.o
                0x0002bfb0                lfs_dir_close
 .text.lfs_file_write
                0x0002bfd8      0xacc Adafruit_LittleFS\littlefs\lfs.c.o
                0x0002bfd8                lfs_file_write
 .text.lfs_file_flush.part.23
                0x0002caa4      0x208 Adafruit_LittleFS\littlefs\lfs.c.o
 .text.lfs_file_read
                0x0002ccac       0xe0 Adafruit_LittleFS\littlefs\lfs.c.o
                0x0002ccac                lfs_file_read
 .text.lfs_file_seek
                0x0002cd8c       0x64 Adafruit_LittleFS\littlefs\lfs.c.o
                0x0002cd8c                lfs_file_seek
 .text.lfs_file_tell
                0x0002cdf0        0x4 Adafruit_LittleFS\littlefs\lfs.c.o
                0x0002cdf0                lfs_file_tell
 .text.lfs_file_size
                0x0002cdf4       0x14 Adafruit_LittleFS\littlefs\lfs.c.o
                0x0002cdf4                lfs_file_size
 .text.lfs_stat
                0x0002ce08       0x8c Adafruit_LittleFS\littlefs\lfs.c.o
                0x0002ce08                lfs_stat
 .text.lfs_mount
                0x0002ce94      0x204 Adafruit_LittleFS\littlefs\lfs.c.o
                0x0002ce94                lfs_mount
 .text.lfs_unmount
                0x0002d098       0x38 Adafruit_LittleFS\littlefs\lfs.c.o
                0x0002d098                lfs_unmount
 .text.lfs_deorphan
                0x0002d0d0       0x1c Adafruit_LittleFS\littlefs\lfs.c.o
                0x0002d0d0                lfs_deorphan
 .text.lfs_dir_commit
                0x0002d0ec      0xb1c Adafruit_LittleFS\littlefs\lfs.c.o
 .text.lfs_dir_append
                0x0002dc08      0x204 Adafruit_LittleFS\littlefs\lfs.c.o
 .text.lfs_dir_remove
                0x0002de0c      0x17c Adafruit_LittleFS\littlefs\lfs.c.o
 .text.lfs_format
                0x0002df88      0x294 Adafruit_LittleFS\littlefs\lfs.c.o
                0x0002df88                lfs_format
 .text.lfs_deorphan.part.25
                0x0002e21c      0x304 Adafruit_LittleFS\littlefs\lfs.c.o
 .text.lfs_mkdir
                0x0002e520       0xc0 Adafruit_LittleFS\littlefs\lfs.c.o
                0x0002e520                lfs_mkdir
 .text.lfs_file_open
                0x0002e5e0      0x168 Adafruit_LittleFS\littlefs\lfs.c.o
                0x0002e5e0                lfs_file_open
 .text.lfs_file_sync
                0x0002e748       0xf4 Adafruit_LittleFS\littlefs\lfs.c.o
                0x0002e748                lfs_file_sync
 .text.lfs_file_close
                0x0002e83c      0x120 Adafruit_LittleFS\littlefs\lfs.c.o
                0x0002e83c                lfs_file_close
 .text.lfs_remove
                0x0002e95c      0x27c Adafruit_LittleFS\littlefs\lfs.c.o
                0x0002e95c                lfs_remove
 .text.lfs_crc  0x0002ebd8       0x44 Adafruit_LittleFS\littlefs\lfs_util.c.o
                0x0002ebd8                lfs_crc
 .text._ZN18InternalFileSystemD2Ev
                0x0002ec1c       0x14 InternalFileSytem\InternalFileSystem.cpp.o
                0x0002ec1c                InternalFileSystem::~InternalFileSystem()
                0x0002ec1c                InternalFileSystem::~InternalFileSystem()
 .text._ZN18InternalFileSystemD0Ev
                0x0002ec30       0x1c InternalFileSytem\InternalFileSystem.cpp.o
                0x0002ec30                InternalFileSystem::~InternalFileSystem()
 .text._ZL20_internal_flash_syncPK10lfs_config
                0x0002ec4c        0xc InternalFileSytem\InternalFileSystem.cpp.o
 .text._ZL21_internal_flash_erasePK10lfs_configm
                0x0002ec58       0x2c InternalFileSytem\InternalFileSystem.cpp.o
 .text._ZL20_internal_flash_progPK10lfs_configmmPKvm
                0x0002ec84       0x1c InternalFileSytem\InternalFileSystem.cpp.o
 .text._ZL20_internal_flash_readPK10lfs_configmmPvm
                0x0002eca0       0x20 InternalFileSytem\InternalFileSystem.cpp.o
 .text._ZN18InternalFileSystem5beginEv
                0x0002ecc0       0x38 InternalFileSytem\InternalFileSystem.cpp.o
                0x0002ecc0                InternalFileSystem::begin()
 .text.startup._GLOBAL__sub_I_InternalFS
                0x0002ecf8       0x34 InternalFileSytem\InternalFileSystem.cpp.o
 .text.flash_cache_write
                0x0002ed2c       0x94 InternalFileSytem\flash\flash_cache.c.o
                0x0002ed2c                flash_cache_write
 .text.flash_cache_flush
                0x0002edc0       0x40 InternalFileSytem\flash\flash_cache.c.o
                0x0002edc0                flash_cache_flush
 .text.flash_cache_read
                0x0002ee00       0x88 InternalFileSytem\flash\flash_cache.c.o
                0x0002ee00                flash_cache_read
 .text.sd_flash_write
                0x0002ee88        0x4 InternalFileSytem\flash\flash_nrf5x.c.o
 .text.sd_flash_page_erase
                0x0002ee8c        0x4 InternalFileSytem\flash\flash_nrf5x.c.o
 .text.sd_softdevice_is_enabled
                0x0002ee90        0x4 InternalFileSytem\flash\flash_nrf5x.c.o
 .text.fal_verify
                0x0002ee94       0x10 InternalFileSytem\flash\flash_nrf5x.c.o
 .text.fal_read
                0x0002eea4        0xc InternalFileSytem\flash\flash_nrf5x.c.o
 .text.fal_program
                0x0002eeb0       0x60 InternalFileSytem\flash\flash_nrf5x.c.o
 .text.fal_erase
                0x0002ef10       0x64 InternalFileSytem\flash\flash_nrf5x.c.o
 .text.flash_nrf5x_event_cb
                0x0002ef74       0x18 InternalFileSytem\flash\flash_nrf5x.c.o
                0x0002ef74                flash_nrf5x_event_cb
 .text.flash_nrf5x_flush
                0x0002ef8c        0xc InternalFileSytem\flash\flash_nrf5x.c.o
                0x0002ef8c                flash_nrf5x_flush
 .text.flash_nrf5x_write
                0x0002ef98       0x30 InternalFileSytem\flash\flash_nrf5x.c.o
                0x0002ef98                flash_nrf5x_write
 .text.flash_nrf5x_read
                0x0002efc8       0x10 InternalFileSytem\flash\flash_nrf5x.c.o
                0x0002efc8                flash_nrf5x_read
 .text.flash_nrf5x_erase
                0x0002efd8       0x64 InternalFileSytem\flash\flash_nrf5x.c.o
                0x0002efd8                flash_nrf5x_erase
 .text._Z11initVariantv
                0x0002f03c       0x24 C:\Users\Me\AppData\Local\Temp\VMBCore\arduino16x\4c960a5e9df1af619f469e3958fefb69\variant\variant.cpp.o
                0x0002f03c                initVariant()
 .text          0x0002f060       0x54 C:\Users\Me\AppData\Local\Temp\VMBuilds\BatMon\adafruit_feather52832\Release/core.a(gcc_startup_nrf52.S.o)
                0x0002f060                Reset_Handler
                0x0002f0a0                NMI_Handler
                0x0002f0a2                HardFault_Handler
                0x0002f0a4                MemoryManagement_Handler
                0x0002f0a6                BusFault_Handler
                0x0002f0a8                UsageFault_Handler
                0x0002f0ac                DebugMon_Handler
                0x0002f0b0                SysTick_Handler
                0x0002f0b2                RTC0_IRQHandler
                0x0002f0b2                POWER_CLOCK_IRQHandler
                0x0002f0b2                RADIO_IRQHandler
                0x0002f0b2                PDM_IRQHandler
                0x0002f0b2                GPIOTE_IRQHandler
                0x0002f0b2                QDEC_IRQHandler
                0x0002f0b2                TIMER3_IRQHandler
                0x0002f0b2                FPU_IRQHandler
                0x0002f0b2                PWM1_IRQHandler
                0x0002f0b2                TIMER4_IRQHandler
                0x0002f0b2                I2S_IRQHandler
                0x0002f0b2                SWI4_EGU4_IRQHandler
                0x0002f0b2                TEMP_IRQHandler
                0x0002f0b2                TIMER2_IRQHandler
                0x0002f0b2                TIMER1_IRQHandler
                0x0002f0b2                PWM2_IRQHandler
                0x0002f0b2                ECB_IRQHandler
                0x0002f0b2                SPIM1_SPIS1_TWIM1_TWIS1_SPI1_TWI1_IRQHandler
                0x0002f0b2                Default_Handler
                0x0002f0b2                SAADC_IRQHandler
                0x0002f0b2                CCM_AAR_IRQHandler
                0x0002f0b2                WDT_IRQHandler
                0x0002f0b2                SWI5_EGU5_IRQHandler
                0x0002f0b2                RNG_IRQHandler
                0x0002f0b2                RTC2_IRQHandler
                0x0002f0b2                PWM0_IRQHandler
                0x0002f0b2                SWI3_EGU3_IRQHandler
                0x0002f0b2                SWI1_EGU1_IRQHandler
                0x0002f0b2                SPIM2_SPIS2_SPI2_IRQHandler
                0x0002f0b2                NFCT_IRQHandler
                0x0002f0b2                SWI0_EGU0_IRQHandler
                0x0002f0b2                MWU_IRQHandler
                0x0002f0b2                TIMER0_IRQHandler
                0x0002f0b2                COMP_LPCOMP_IRQHandler
 .text.millis   0x0002f0b4       0x18 C:\Users\Me\AppData\Local\Temp\VMBuilds\BatMon\adafruit_feather52832\Release/core.a(delay.c.o)
                0x0002f0b4                millis
 .text.delay    0x0002f0cc       0x14 C:\Users\Me\AppData\Local\Temp\VMBuilds\BatMon\adafruit_feather52832\Release/core.a(delay.c.o)
                0x0002f0cc                delay
 .text.analogRead
                0x0002f0e0      0x198 C:\Users\Me\AppData\Local\Temp\VMBuilds\BatMon\adafruit_feather52832\Release/core.a(wiring_analog_nRF52.c.o)
                0x0002f0e0                analogRead
 .text.pinMode  0x0002f278       0x84 C:\Users\Me\AppData\Local\Temp\VMBuilds\BatMon\adafruit_feather52832\Release/core.a(wiring_digital.c.o)
                0x0002f278                pinMode
 .text.digitalWrite
                0x0002f2fc       0x24 C:\Users\Me\AppData\Local\Temp\VMBuilds\BatMon\adafruit_feather52832\Release/core.a(wiring_digital.c.o)
                0x0002f2fc                digitalWrite
 .text.digitalToggle
                0x0002f320       0x3c C:\Users\Me\AppData\Local\Temp\VMBuilds\BatMon\adafruit_feather52832\Release/core.a(wiring_digital.c.o)
                0x0002f320                digitalToggle
 .text.ledOn    0x0002f35c       0x1c C:\Users\Me\AppData\Local\Temp\VMBuilds\BatMon\adafruit_feather52832\Release/core.a(wiring_digital.c.o)
                0x0002f35c                ledOn
 .text.ledOff   0x0002f378       0x1c C:\Users\Me\AppData\Local\Temp\VMBuilds\BatMon\adafruit_feather52832\Release/core.a(wiring_digital.c.o)
                0x0002f378                ledOff
 .text.xQueueGenericCreateStatic
                0x0002f394       0x60 C:\Users\Me\AppData\Local\Temp\VMBuilds\BatMon\adafruit_feather52832\Release/core.a(queue.c.o)
                0x0002f394                xQueueGenericCreateStatic
 .text.xQueueGenericCreate
                0x0002f3f4       0x84 C:\Users\Me\AppData\Local\Temp\VMBuilds\BatMon\adafruit_feather52832\Release/core.a(queue.c.o)
                0x0002f3f4                xQueueGenericCreate
 .text.xQueueCreateCountingSemaphore
                0x0002f478       0x64 C:\Users\Me\AppData\Local\Temp\VMBuilds\BatMon\adafruit_feather52832\Release/core.a(queue.c.o)
                0x0002f478                xQueueCreateCountingSemaphore
 .text.xQueueGenericSend
                0x0002f4dc      0x3b4 C:\Users\Me\AppData\Local\Temp\VMBuilds\BatMon\adafruit_feather52832\Release/core.a(queue.c.o)
                0x0002f4dc                xQueueGenericSend
 .text.xQueueCreateMutexStatic
                0x0002f890       0x6c C:\Users\Me\AppData\Local\Temp\VMBuilds\BatMon\adafruit_feather52832\Release/core.a(queue.c.o)
                0x0002f890                xQueueCreateMutexStatic
 .text.xQueueCreateMutex
                0x0002f8fc       0x70 C:\Users\Me\AppData\Local\Temp\VMBuilds\BatMon\adafruit_feather52832\Release/core.a(queue.c.o)
                0x0002f8fc                xQueueCreateMutex
 .text.xQueueGenericSendFromISR
                0x0002f96c       0xf4 C:\Users\Me\AppData\Local\Temp\VMBuilds\BatMon\adafruit_feather52832\Release/core.a(queue.c.o)
                0x0002f96c                xQueueGenericSendFromISR
 .text.xQueueGiveFromISR
                0x0002fa60       0x58 C:\Users\Me\AppData\Local\Temp\VMBuilds\BatMon\adafruit_feather52832\Release/core.a(queue.c.o)
                0x0002fa60                xQueueGiveFromISR
 .text.xQueueReceive
                0x0002fab8      0x324 C:\Users\Me\AppData\Local\Temp\VMBuilds\BatMon\adafruit_feather52832\Release/core.a(queue.c.o)
                0x0002fab8                xQueueReceive
 .text.xQueueSemaphoreTake
                0x0002fddc      0x358 C:\Users\Me\AppData\Local\Temp\VMBuilds\BatMon\adafruit_feather52832\Release/core.a(queue.c.o)
                0x0002fddc                xQueueSemaphoreTake
 .text.vQueueDelete
                0x00030134       0x48 C:\Users\Me\AppData\Local\Temp\VMBuilds\BatMon\adafruit_feather52832\Release/core.a(queue.c.o)
                0x00030134                vQueueDelete
 .text.vQueueAddToRegistry
                0x0003017c       0x24 C:\Users\Me\AppData\Local\Temp\VMBuilds\BatMon\adafruit_feather52832\Release/core.a(queue.c.o)
                0x0003017c                vQueueAddToRegistry
 .text.vQueueWaitForMessageRestricted
                0x000301a0       0xcc C:\Users\Me\AppData\Local\Temp\VMBuilds\BatMon\adafruit_feather52832\Release/core.a(queue.c.o)
                0x000301a0                vQueueWaitForMessageRestricted
 .text.prvAddNewTaskToReadyList
                0x0003026c      0x124 C:\Users\Me\AppData\Local\Temp\VMBuilds\BatMon\adafruit_feather52832\Release/core.a(tasks.c.o)
 .text.xTaskCreateStatic
                0x00030390       0xd4 C:\Users\Me\AppData\Local\Temp\VMBuilds\BatMon\adafruit_feather52832\Release/core.a(tasks.c.o)
                0x00030390                xTaskCreateStatic
 .text.xTaskCreate
                0x00030464       0xf4 C:\Users\Me\AppData\Local\Temp\VMBuilds\BatMon\adafruit_feather52832\Release/core.a(tasks.c.o)
                0x00030464                xTaskCreate
 .text.vTaskSuspend
                0x00030558      0x164 C:\Users\Me\AppData\Local\Temp\VMBuilds\BatMon\adafruit_feather52832\Release/core.a(tasks.c.o)
                0x00030558                vTaskSuspend
 .text.vTaskResume
                0x000306bc       0x8c C:\Users\Me\AppData\Local\Temp\VMBuilds\BatMon\adafruit_feather52832\Release/core.a(tasks.c.o)
                0x000306bc                vTaskResume
 .text.vTaskStartScheduler
                0x00030748       0xcc C:\Users\Me\AppData\Local\Temp\VMBuilds\BatMon\adafruit_feather52832\Release/core.a(tasks.c.o)
                0x00030748                vTaskStartScheduler
 .text.vTaskSuspendAll
                0x00030814       0x10 C:\Users\Me\AppData\Local\Temp\VMBuilds\BatMon\adafruit_feather52832\Release/core.a(tasks.c.o)
                0x00030814                vTaskSuspendAll
 .text.xTaskGetTickCount
                0x00030824        0xc C:\Users\Me\AppData\Local\Temp\VMBuilds\BatMon\adafruit_feather52832\Release/core.a(tasks.c.o)
                0x00030824                xTaskGetTickCount
 .text.vTaskStepTick
                0x00030830       0x10 C:\Users\Me\AppData\Local\Temp\VMBuilds\BatMon\adafruit_feather52832\Release/core.a(tasks.c.o)
                0x00030830                vTaskStepTick
 .text.xTaskIncrementTick
                0x00030840      0x120 C:\Users\Me\AppData\Local\Temp\VMBuilds\BatMon\adafruit_feather52832\Release/core.a(tasks.c.o)
                0x00030840                xTaskIncrementTick
 .text.xTaskResumeAll
                0x00030960      0x10c C:\Users\Me\AppData\Local\Temp\VMBuilds\BatMon\adafruit_feather52832\Release/core.a(tasks.c.o)
                0x00030960                xTaskResumeAll
 .text.vTaskDelay
                0x00030a6c       0x84 C:\Users\Me\AppData\Local\Temp\VMBuilds\BatMon\adafruit_feather52832\Release/core.a(tasks.c.o)
                0x00030a6c                vTaskDelay
 .text.prvIdleTask
                0x00030af0      0x120 C:\Users\Me\AppData\Local\Temp\VMBuilds\BatMon\adafruit_feather52832\Release/core.a(tasks.c.o)
 .text.vTaskSwitchContext
                0x00030c10       0xb4 C:\Users\Me\AppData\Local\Temp\VMBuilds\BatMon\adafruit_feather52832\Release/core.a(tasks.c.o)
                0x00030c10                vTaskSwitchContext
 .text.vTaskPlaceOnEventList
                0x00030cc4       0x78 C:\Users\Me\AppData\Local\Temp\VMBuilds\BatMon\adafruit_feather52832\Release/core.a(tasks.c.o)
                0x00030cc4                vTaskPlaceOnEventList
 .text.vTaskPlaceOnEventListRestricted
                0x00030d3c       0x80 C:\Users\Me\AppData\Local\Temp\VMBuilds\BatMon\adafruit_feather52832\Release/core.a(tasks.c.o)
                0x00030d3c                vTaskPlaceOnEventListRestricted
 .text.xTaskRemoveFromEventList
                0x00030dbc       0x9c C:\Users\Me\AppData\Local\Temp\VMBuilds\BatMon\adafruit_feather52832\Release/core.a(tasks.c.o)
                0x00030dbc                xTaskRemoveFromEventList
 .text.vTaskInternalSetTimeOutState
                0x00030e58       0x18 C:\Users\Me\AppData\Local\Temp\VMBuilds\BatMon\adafruit_feather52832\Release/core.a(tasks.c.o)
                0x00030e58                vTaskInternalSetTimeOutState
 .text.xTaskCheckForTimeOut
                0x00030e70       0x70 C:\Users\Me\AppData\Local\Temp\VMBuilds\BatMon\adafruit_feather52832\Release/core.a(tasks.c.o)
                0x00030e70                xTaskCheckForTimeOut
 .text.vTaskMissedYield
                0x00030ee0        0xc C:\Users\Me\AppData\Local\Temp\VMBuilds\BatMon\adafruit_feather52832\Release/core.a(tasks.c.o)
                0x00030ee0                vTaskMissedYield
 .text.eTaskConfirmSleepModeStatus
                0x00030eec       0x34 C:\Users\Me\AppData\Local\Temp\VMBuilds\BatMon\adafruit_feather52832\Release/core.a(tasks.c.o)
                0x00030eec                eTaskConfirmSleepModeStatus
 .text.xTaskGetSchedulerState
                0x00030f20       0x20 C:\Users\Me\AppData\Local\Temp\VMBuilds\BatMon\adafruit_feather52832\Release/core.a(tasks.c.o)
                0x00030f20                xTaskGetSchedulerState
 .text.xTaskPriorityInherit
                0x00030f40       0x84 C:\Users\Me\AppData\Local\Temp\VMBuilds\BatMon\adafruit_feather52832\Release/core.a(tasks.c.o)
                0x00030f40                xTaskPriorityInherit
 .text.xTaskPriorityDisinherit
                0x00030fc4       0x58 C:\Users\Me\AppData\Local\Temp\VMBuilds\BatMon\adafruit_feather52832\Release/core.a(tasks.c.o)
                0x00030fc4                xTaskPriorityDisinherit
 .text.vTaskPriorityDisinheritAfterTimeout
                0x0003101c       0x6c C:\Users\Me\AppData\Local\Temp\VMBuilds\BatMon\adafruit_feather52832\Release/core.a(tasks.c.o)
                0x0003101c                vTaskPriorityDisinheritAfterTimeout
 .text.pvTaskIncrementMutexHeldCount
                0x00031088       0x18 C:\Users\Me\AppData\Local\Temp\VMBuilds\BatMon\adafruit_feather52832\Release/core.a(tasks.c.o)
                0x00031088                pvTaskIncrementMutexHeldCount
 .text.prvTimerTask
                0x000310a0      0x2e4 C:\Users\Me\AppData\Local\Temp\VMBuilds\BatMon\adafruit_feather52832\Release/core.a(timers.c.o)
 .text.xTimerCreateTimerTask
                0x00031384       0xb0 C:\Users\Me\AppData\Local\Temp\VMBuilds\BatMon\adafruit_feather52832\Release/core.a(timers.c.o)
                0x00031384                xTimerCreateTimerTask
 .text.xTimerCreate
                0x00031434       0xb0 C:\Users\Me\AppData\Local\Temp\VMBuilds\BatMon\adafruit_feather52832\Release/core.a(timers.c.o)
                0x00031434                xTimerCreate
 .text.xTimerGenericCommand
                0x000314e4       0x58 C:\Users\Me\AppData\Local\Temp\VMBuilds\BatMon\adafruit_feather52832\Release/core.a(timers.c.o)
                0x000314e4                xTimerGenericCommand
 .text.xTimerIsTimerActive
                0x0003153c       0x18 C:\Users\Me\AppData\Local\Temp\VMBuilds\BatMon\adafruit_feather52832\Release/core.a(timers.c.o)
                0x0003153c                xTimerIsTimerActive
 .text.pvPortMalloc
                0x00031554       0x24 C:\Users\Me\AppData\Local\Temp\VMBuilds\BatMon\adafruit_feather52832\Release/core.a(heap_3.c.o)
                0x00031554                pvPortMalloc
 .text.vPortFree
                0x00031578       0x1c C:\Users\Me\AppData\Local\Temp\VMBuilds\BatMon\adafruit_feather52832\Release/core.a(heap_3.c.o)
                0x00031578                vPortFree
 .text.SystemInit
                0x00031594      0x30c C:\Users\Me\AppData\Local\Temp\VMBuilds\BatMon\adafruit_feather52832\Release/core.a(system_nrf52.c.o)
                0x00031594                SystemInit
 .text.adafruit_callback_task
                0x000318a0       0xa4 C:\Users\Me\AppData\Local\Temp\VMBuilds\BatMon\adafruit_feather52832\Release/core.a(AdaCallback.c.o)
                0x000318a0                adafruit_callback_task
 .text.ada_callback_queue
                0x00031944       0xcc C:\Users\Me\AppData\Local\Temp\VMBuilds\BatMon\adafruit_feather52832\Release/core.a(AdaCallback.c.o)
                0x00031944                ada_callback_queue
 .text.ada_callback_invoke
                0x00031a10       0xd4 C:\Users\Me\AppData\Local\Temp\VMBuilds\BatMon\adafruit_feather52832\Release/core.a(AdaCallback.c.o)
                0x00031a10                ada_callback_invoke
 .text.ada_callback_init
                0x00031ae4       0x48 C:\Users\Me\AppData\Local\Temp\VMBuilds\BatMon\adafruit_feather52832\Release/core.a(AdaCallback.c.o)
                0x00031ae4                ada_callback_init
 .text.getBootloaderVersion
                0x00031b2c       0x80 C:\Users\Me\AppData\Local\Temp\VMBuilds\BatMon\adafruit_feather52832\Release/core.a(utilities.c.o)
                0x00031b2c                getBootloaderVersion
 .text.getMcuUniqueID
                0x00031bac       0x24 C:\Users\Me\AppData\Local\Temp\VMBuilds\BatMon\adafruit_feather52832\Release/core.a(utilities.c.o)
                0x00031bac                getMcuUniqueID
 .text._ZL9loop_taskPv
                0x00031bd0       0x48 C:\Users\Me\AppData\Local\Temp\VMBuilds\BatMon\adafruit_feather52832\Release/core.a(main.cpp.o)
 .text.startup.main
                0x00031c18       0x5c C:\Users\Me\AppData\Local\Temp\VMBuilds\BatMon\adafruit_feather52832\Release/core.a(main.cpp.o)
                0x00031c18                main
 .text._write   0x00031c74       0x14 C:\Users\Me\AppData\Local\Temp\VMBuilds\BatMon\adafruit_feather52832\Release/core.a(main.cpp.o)
                0x00031c74                _write
 .text._Znwj    0x00031c88       0x20 C:\Users\Me\AppData\Local\Temp\VMBuilds\BatMon\adafruit_feather52832\Release/core.a(new.cpp.o)
                0x00031c88                operator new(unsigned int)
 .text._ZdlPv   0x00031ca8       0x20 C:\Users\Me\AppData\Local\Temp\VMBuilds\BatMon\adafruit_feather52832\Release/core.a(new.cpp.o)
                0x00031ca8                operator delete(void*)
 .text._sbrk    0x00031cc8       0x2c C:\Users\Me\AppData\Local\Temp\VMBuilds\BatMon\adafruit_feather52832\Release/core.a(new.cpp.o)
                0x00031cc8                _sbrk
 .text.__malloc_lock
                0x00031cf4        0x4 C:\Users\Me\AppData\Local\Temp\VMBuilds\BatMon\adafruit_feather52832\Release/core.a(new.cpp.o)
                0x00031cf4                __malloc_lock
 .text.__malloc_unlock
                0x00031cf8        0x4 C:\Users\Me\AppData\Local\Temp\VMBuilds\BatMon\adafruit_feather52832\Release/core.a(new.cpp.o)
                0x00031cf8                __malloc_unlock
 .text._ZN5Print5printEPKc
                0x00031cfc       0x24 C:\Users\Me\AppData\Local\Temp\VMBuilds\BatMon\adafruit_feather52832\Release/core.a(Print.cpp.o)
                0x00031cfc                Print::print(char const*)
 .text._ZN5Print5printEii
                0x00031d20       0xdc C:\Users\Me\AppData\Local\Temp\VMBuilds\BatMon\adafruit_feather52832\Release/core.a(Print.cpp.o)
                0x00031d20                Print::print(int, int)
 .text._ZN5Print7printlnEPKc
                0x00031dfc       0x30 C:\Users\Me\AppData\Local\Temp\VMBuilds\BatMon\adafruit_feather52832\Release/core.a(Print.cpp.o)
                0x00031dfc                Print::println(char const*)
 .text._ZN5Print7printlnEhi
                0x00031e2c       0x74 C:\Users\Me\AppData\Local\Temp\VMBuilds\BatMon\adafruit_feather52832\Release/core.a(Print.cpp.o)
                0x00031e2c                Print::println(unsigned char, int)
 .text._ZN10RingBufferC2Ev
                0x00031ea0       0x14 C:\Users\Me\AppData\Local\Temp\VMBuilds\BatMon\adafruit_feather52832\Release/core.a(RingBuffer.cpp.o)
                0x00031ea0                RingBuffer::RingBuffer()
                0x00031ea0                RingBuffer::RingBuffer()
 .text._ZN10RingBuffer10store_charEh
                0x00031eb4       0x1c C:\Users\Me\AppData\Local\Temp\VMBuilds\BatMon\adafruit_feather52832\Release/core.a(RingBuffer.cpp.o)
                0x00031eb4                RingBuffer::store_char(unsigned char)
 .text._ZN10RingBuffer5clearEv
                0x00031ed0        0x8 C:\Users\Me\AppData\Local\Temp\VMBuilds\BatMon\adafruit_feather52832\Release/core.a(RingBuffer.cpp.o)
                0x00031ed0                RingBuffer::clear()
 .text._ZN10RingBuffer9read_charEv
                0x00031ed8       0x1c C:\Users\Me\AppData\Local\Temp\VMBuilds\BatMon\adafruit_feather52832\Release/core.a(RingBuffer.cpp.o)
                0x00031ed8                RingBuffer::read_char()
 .text._ZN10RingBuffer9availableEv
                0x00031ef4        0xc C:\Users\Me\AppData\Local\Temp\VMBuilds\BatMon\adafruit_feather52832\Release/core.a(RingBuffer.cpp.o)
                0x00031ef4                RingBuffer::available()
 .text._ZN10RingBuffer4peekEv
                0x00031f00       0x10 C:\Users\Me\AppData\Local\Temp\VMBuilds\BatMon\adafruit_feather52832\Release/core.a(RingBuffer.cpp.o)
                0x00031f00                RingBuffer::peek()
 .text._ZN10RingBuffer6isFullEv
                0x00031f10       0x14 C:\Users\Me\AppData\Local\Temp\VMBuilds\BatMon\adafruit_feather52832\Release/core.a(RingBuffer.cpp.o)
                0x00031f10                RingBuffer::isFull()
 .text.yield    0x00031f24       0x18 C:\Users\Me\AppData\Local\Temp\VMBuilds\BatMon\adafruit_feather52832\Release/core.a(rtos.cpp.o)
                0x00031f24                yield
 .text.vApplicationStackOverflowHook
                0x00031f3c        0x4 C:\Users\Me\AppData\Local\Temp\VMBuilds\BatMon\adafruit_feather52832\Release/core.a(rtos.cpp.o)
                0x00031f3c                vApplicationStackOverflowHook
 .text.vApplicationMallocFailedHook
                0x00031f40        0x4 C:\Users\Me\AppData\Local\Temp\VMBuilds\BatMon\adafruit_feather52832\Release/core.a(rtos.cpp.o)
                0x00031f40                vApplicationMallocFailedHook
 .text.vApplicationGetIdleTaskMemory
                0x00031f44       0x1c C:\Users\Me\AppData\Local\Temp\VMBuilds\BatMon\adafruit_feather52832\Release/core.a(rtos.cpp.o)
                0x00031f44                vApplicationGetIdleTaskMemory
 .text.vApplicationGetTimerTaskMemory
                0x00031f60       0x20 C:\Users\Me\AppData\Local\Temp\VMBuilds\BatMon\adafruit_feather52832\Release/core.a(rtos.cpp.o)
                0x00031f60                vApplicationGetTimerTaskMemory
 .text._ZN4UartcvbEv
                0x00031f80        0x8 C:\Users\Me\AppData\Local\Temp\VMBuilds\BatMon\adafruit_feather52832\Release/core.a(Uart.cpp.o)
                0x00031f80                Uart::operator bool()
 .text._ZN4Uart3endEv
                0x00031f88       0x70 C:\Users\Me\AppData\Local\Temp\VMBuilds\BatMon\adafruit_feather52832\Release/core.a(Uart.cpp.o)
                0x00031f88                Uart::end()
 .text._ZN4Uart9availableEv
                0x00031ff8        0x8 C:\Users\Me\AppData\Local\Temp\VMBuilds\BatMon\adafruit_feather52832\Release/core.a(Uart.cpp.o)
                0x00031ff8                Uart::available()
 .text._ZN4Uart4peekEv
                0x00032000        0x8 C:\Users\Me\AppData\Local\Temp\VMBuilds\BatMon\adafruit_feather52832\Release/core.a(Uart.cpp.o)
                0x00032000                Uart::peek()
 .text._ZN4Uart4readEv
                0x00032008        0x8 C:\Users\Me\AppData\Local\Temp\VMBuilds\BatMon\adafruit_feather52832\Release/core.a(Uart.cpp.o)
                0x00032008                Uart::read()
 .text._ZN4Uart5flushEv
                0x00032010       0x2c C:\Users\Me\AppData\Local\Temp\VMBuilds\BatMon\adafruit_feather52832\Release/core.a(Uart.cpp.o)
                0x00032010                Uart::flush()
 .text._ZN4Uart5writeEh
                0x0003203c       0x4c C:\Users\Me\AppData\Local\Temp\VMBuilds\BatMon\adafruit_feather52832\Release/core.a(Uart.cpp.o)
                0x0003203c                Uart::write(unsigned char)
 .text._ZN4Uart5writeEPKhj
                0x00032088       0x58 C:\Users\Me\AppData\Local\Temp\VMBuilds\BatMon\adafruit_feather52832\Release/core.a(Uart.cpp.o)
                0x00032088                Uart::write(unsigned char const*, unsigned int)
 .text._ZN4Uart5beginEm
                0x000320e0      0x1ec C:\Users\Me\AppData\Local\Temp\VMBuilds\BatMon\adafruit_feather52832\Release/core.a(Uart.cpp.o)
                0x000320e0                Uart::begin(unsigned long)
 .text._ZN4Uart5beginEmt
                0x000322cc      0x1d0 C:\Users\Me\AppData\Local\Temp\VMBuilds\BatMon\adafruit_feather52832\Release/core.a(Uart.cpp.o)
                0x000322cc                Uart::begin(unsigned long, unsigned short)
 .text._Z14serialEventRunv
                0x0003249c       0x20 C:\Users\Me\AppData\Local\Temp\VMBuilds\BatMon\adafruit_feather52832\Release/core.a(Uart.cpp.o)
                0x0003249c                serialEventRun()
 .text.UARTE0_UART0_IRQHandler
                0x000324bc       0x4c C:\Users\Me\AppData\Local\Temp\VMBuilds\BatMon\adafruit_feather52832\Release/core.a(Uart.cpp.o)
                0x000324bc                UARTE0_UART0_IRQHandler
 .text.startup._GLOBAL__sub_I__ZN4UartC2EP14NRF_UARTE_Type9IRQn_Typehh
                0x00032508       0x50 C:\Users\Me\AppData\Local\Temp\VMBuilds\BatMon\adafruit_feather52832\Release/core.a(Uart.cpp.o)
 .text._ZN6StringC2EPKc
                0x00032558       0x4c C:\Users\Me\AppData\Local\Temp\VMBuilds\BatMon\adafruit_feather52832\Release/core.a(WString.cpp.o)
                0x00032558                String::String(char const*)
                0x00032558                String::String(char const*)
 .text._ZN6StringC2ERKS_
                0x000325a4       0x50 C:\Users\Me\AppData\Local\Temp\VMBuilds\BatMon\adafruit_feather52832\Release/core.a(WString.cpp.o)
                0x000325a4                String::String(String const&)
                0x000325a4                String::String(String const&)
 .text._ZN6StringC2Emh
                0x000325f4       0x60 C:\Users\Me\AppData\Local\Temp\VMBuilds\BatMon\adafruit_feather52832\Release/core.a(WString.cpp.o)
                0x000325f4                String::String(unsigned long, unsigned char)
                0x000325f4                String::String(unsigned long, unsigned char)
 .text._ZN6StringD2Ev
                0x00032654       0x10 C:\Users\Me\AppData\Local\Temp\VMBuilds\BatMon\adafruit_feather52832\Release/core.a(WString.cpp.o)
                0x00032654                String::~String()
                0x00032654                String::~String()
 .text._ZN6StringaSERKS_
                0x00032664       0x54 C:\Users\Me\AppData\Local\Temp\VMBuilds\BatMon\adafruit_feather52832\Release/core.a(WString.cpp.o)
                0x00032664                String::operator=(String const&)
 .text._ZN6StringaSEPKc
                0x000326b8       0x60 C:\Users\Me\AppData\Local\Temp\VMBuilds\BatMon\adafruit_feather52832\Release/core.a(WString.cpp.o)
                0x000326b8                String::operator=(char const*)
 .text._ZplRK15StringSumHelperRK6String
                0x00032718       0x58 C:\Users\Me\AppData\Local\Temp\VMBuilds\BatMon\adafruit_feather52832\Release/core.a(WString.cpp.o)
                0x00032718                operator+(StringSumHelper const&, String const&)
 .text.__empty  0x00032770        0x4 C:\Users\Me\AppData\Local\Temp\VMBuilds\BatMon\adafruit_feather52832\Release/core.a(hooks.c.o)
                0x00032770                vApplicationIdleHook
 .text.ultoa    0x00032774       0x68 C:\Users\Me\AppData\Local\Temp\VMBuilds\BatMon\adafruit_feather52832\Release/core.a(itoa.c.o)
                0x00032774                ultoa
 .text.init     0x000327dc       0x54 C:\Users\Me\AppData\Local\Temp\VMBuilds\BatMon\adafruit_feather52832\Release/core.a(wiring.c.o)
                0x000327dc                init
 .text.prvTaskExitError
                0x00032830        0x8 C:\Users\Me\AppData\Local\Temp\VMBuilds\BatMon\adafruit_feather52832\Release/core.a(port_cmsis.c.o)
 .text.pxPortInitialiseStack
                0x00032838       0x2c C:\Users\Me\AppData\Local\Temp\VMBuilds\BatMon\adafruit_feather52832\Release/core.a(port_cmsis.c.o)
                0x00032838                pxPortInitialiseStack
 .text.xPortStartScheduler
                0x00032864       0x4c C:\Users\Me\AppData\Local\Temp\VMBuilds\BatMon\adafruit_feather52832\Release/core.a(port_cmsis.c.o)
                0x00032864                xPortStartScheduler
 .text.vPortEnterCritical
                0x000328b0       0x14 C:\Users\Me\AppData\Local\Temp\VMBuilds\BatMon\adafruit_feather52832\Release/core.a(port_cmsis.c.o)
                0x000328b0                vPortEnterCritical
 .text.vPortExitCritical
                0x000328c4       0x14 C:\Users\Me\AppData\Local\Temp\VMBuilds\BatMon\adafruit_feather52832\Release/core.a(port_cmsis.c.o)
                0x000328c4                vPortExitCritical
 .text.RTC1_IRQHandler
                0x000328d8       0x80 C:\Users\Me\AppData\Local\Temp\VMBuilds\BatMon\adafruit_feather52832\Release/core.a(port_cmsis_systick.c.o)
                0x000328d8                RTC1_IRQHandler
 .text.vPortSetupTimerInterrupt
                0x00032958       0x3c C:\Users\Me\AppData\Local\Temp\VMBuilds\BatMon\adafruit_feather52832\Release/core.a(port_cmsis_systick.c.o)
                0x00032958                vPortSetupTimerInterrupt
 .text.vPortSuppressTicksAndSleep
                0x00032994      0x118 C:\Users\Me\AppData\Local\Temp\VMBuilds\BatMon\adafruit_feather52832\Release/core.a(port_cmsis_systick.c.o)
                0x00032994                vPortSuppressTicksAndSleep
 .text.vPortStartFirstTask
                0x00032aac       0x24 C:\Users\Me\AppData\Local\Temp\VMBuilds\BatMon\adafruit_feather52832\Release/core.a(port.c.o)
                0x00032aac                vPortStartFirstTask
 .text.SVC_Handler
                0x00032ad0       0x20 C:\Users\Me\AppData\Local\Temp\VMBuilds\BatMon\adafruit_feather52832\Release/core.a(port.c.o)
                0x00032ad0                SVC_Handler
 .text.PendSV_Handler
                0x00032af0       0x60 C:\Users\Me\AppData\Local\Temp\VMBuilds\BatMon\adafruit_feather52832\Release/core.a(port.c.o)
                0x00032af0                PendSV_Handler
 .text.vListInitialise
                0x00032b50       0x18 C:\Users\Me\AppData\Local\Temp\VMBuilds\BatMon\adafruit_feather52832\Release/core.a(list.c.o)
                0x00032b50                vListInitialise
 .text.vListInitialiseItem
                0x00032b68        0x8 C:\Users\Me\AppData\Local\Temp\VMBuilds\BatMon\adafruit_feather52832\Release/core.a(list.c.o)
                0x00032b68                vListInitialiseItem
 .text.vListInsertEnd
                0x00032b70       0x20 C:\Users\Me\AppData\Local\Temp\VMBuilds\BatMon\adafruit_feather52832\Release/core.a(list.c.o)
                0x00032b70                vListInsertEnd
 .text.vListInsert
                0x00032b90       0x34 C:\Users\Me\AppData\Local\Temp\VMBuilds\BatMon\adafruit_feather52832\Release/core.a(list.c.o)
                0x00032b90                vListInsert
 .text.uxListRemove
                0x00032bc4       0x28 C:\Users\Me\AppData\Local\Temp\VMBuilds\BatMon\adafruit_feather52832\Release/core.a(list.c.o)
                0x00032bc4                uxListRemove
 .text          0x00032bec      0x378 c:/users/me/appdata/local/arduino15/packages/arduino/tools/arm-none-eabi-gcc/7-2017q4/bin/../lib/gcc/arm-none-eabi/7.2.1/thumb/v7e-m/fpv4-sp/hard\libgcc.a(_arm_addsubdf3.o)
                0x00032bec                __aeabi_drsub
                0x00032bf4                __aeabi_dsub
                0x00032bf4                __subdf3
                0x00032bf8                __aeabi_dadd
                0x00032bf8                __adddf3
                0x00032e70                __floatunsidf
                0x00032e70                __aeabi_ui2d
                0x00032e90                __floatsidf
                0x00032e90                __aeabi_i2d
                0x00032eb4                __aeabi_f2d
                0x00032eb4                __extendsfdf2
                0x00032ef8                __floatundidf
                0x00032ef8                __aeabi_ul2d
                0x00032f08                __floatdidf
                0x00032f08                __aeabi_l2d
 .text          0x00032f64      0x424 c:/users/me/appdata/local/arduino15/packages/arduino/tools/arm-none-eabi-gcc/7-2017q4/bin/../lib/gcc/arm-none-eabi/7.2.1/thumb/v7e-m/fpv4-sp/hard\libgcc.a(_arm_muldivdf3.o)
                0x00032f64                __aeabi_dmul
                0x00032f64                __muldf3
                0x000331b8                __divdf3
                0x000331b8                __aeabi_ddiv
 .text          0x00033388       0x50 c:/users/me/appdata/local/arduino15/packages/arduino/tools/arm-none-eabi-gcc/7-2017q4/bin/../lib/gcc/arm-none-eabi/7.2.1/thumb/v7e-m/fpv4-sp/hard\libgcc.a(_arm_fixdfsi.o)
                0x00033388                __aeabi_d2iz
                0x00033388                __fixdfsi
 .text          0x000333d8       0x28 c:/users/me/appdata/local/arduino15/packages/arduino/tools/arm-none-eabi-gcc/7-2017q4/bin/../lib/gcc/arm-none-eabi/7.2.1/thumb/v7e-m/fpv4-sp/hard\libgcc.a(_popcountsi2.o)
                0x000333d8                __popcountsi2
 .text          0x00033400       0x24 c:/users/me/appdata/local/arduino15/packages/arduino/tools/arm-none-eabi-gcc/7-2017q4/bin/../lib/gcc/arm-none-eabi/7.2.1/thumb/v7e-m/fpv4-sp/hard\libgcc.a(_fixsfdi.o)
                0x00033400                __fixsfdi
                0x00033400                __aeabi_f2lz
 .text          0x00033424       0x48 c:/users/me/appdata/local/arduino15/packages/arduino/tools/arm-none-eabi-gcc/7-2017q4/bin/../lib/gcc/arm-none-eabi/7.2.1/thumb/v7e-m/fpv4-sp/hard\libgcc.a(_fixunssfdi.o)
                0x00033424                __fixunssfdi
                0x00033424                __aeabi_f2ulz
 .text          0x0003346c       0x40 c:/users/me/appdata/local/arduino15/packages/arduino/tools/arm-none-eabi-gcc/7-2017q4/bin/../lib/gcc/arm-none-eabi/7.2.1/thumb/v7e-m/fpv4-sp/hard\libgcc.a(_arm_fixunsdfsi.o)
                0x0003346c                __aeabi_d2uiz
                0x0003346c                __fixunsdfsi
 .text.__aeabi_atexit
                0x000334ac        0xa c:/users/me/appdata/local/arduino15/packages/arduino/tools/arm-none-eabi-gcc/7-2017q4/bin/../lib/gcc/arm-none-eabi/7.2.1/../../../../arm-none-eabi/lib/thumb/v7e-m/fpv4-sp/hard\libc_nano.a(lib_a-aeabi_atexit.o)
                0x000334ac                __aeabi_atexit
 *fill*         0x000334b6        0x2 
 .text.__assert_func
                0x000334b8       0x3c c:/users/me/appdata/local/arduino15/packages/arduino/tools/arm-none-eabi-gcc/7-2017q4/bin/../lib/gcc/arm-none-eabi/7.2.1/../../../../arm-none-eabi/lib/thumb/v7e-m/fpv4-sp/hard\libc_nano.a(lib_a-assert.o)
                0x000334b8                __assert_func
 .text.__cxa_atexit
                0x000334f4       0x1c c:/users/me/appdata/local/arduino15/packages/arduino/tools/arm-none-eabi-gcc/7-2017q4/bin/../lib/gcc/arm-none-eabi/7.2.1/../../../../arm-none-eabi/lib/thumb/v7e-m/fpv4-sp/hard\libc_nano.a(lib_a-cxa_atexit.o)
                0x000334f4                __cxa_atexit
 .text.__errno  0x00033510        0xc c:/users/me/appdata/local/arduino15/packages/arduino/tools/arm-none-eabi-gcc/7-2017q4/bin/../lib/gcc/arm-none-eabi/7.2.1/../../../../arm-none-eabi/lib/thumb/v7e-m/fpv4-sp/hard\libc_nano.a(lib_a-errno.o)
                0x00033510                __errno
 .text.exit     0x0003351c       0x28 c:/users/me/appdata/local/arduino15/packages/arduino/tools/arm-none-eabi-gcc/7-2017q4/bin/../lib/gcc/arm-none-eabi/7.2.1/../../../../arm-none-eabi/lib/thumb/v7e-m/fpv4-sp/hard\libc_nano.a(lib_a-exit.o)
                0x0003351c                exit
 .text.fprintf  0x00033544       0x24 c:/users/me/appdata/local/arduino15/packages/arduino/tools/arm-none-eabi-gcc/7-2017q4/bin/../lib/gcc/arm-none-eabi/7.2.1/../../../../arm-none-eabi/lib/thumb/v7e-m/fpv4-sp/hard\libc_nano.a(lib_a-fprintf.o)
                0x00033544                fiprintf
                0x00033544                fprintf
 .text.__libc_init_array
                0x00033568       0x48 c:/users/me/appdata/local/arduino15/packages/arduino/tools/arm-none-eabi-gcc/7-2017q4/bin/../lib/gcc/arm-none-eabi/7.2.1/../../../../arm-none-eabi/lib/thumb/v7e-m/fpv4-sp/hard\libc_nano.a(lib_a-init.o)
                0x00033568                __libc_init_array
 .text.malloc   0x000335b0       0x10 c:/users/me/appdata/local/arduino15/packages/arduino/tools/arm-none-eabi-gcc/7-2017q4/bin/../lib/gcc/arm-none-eabi/7.2.1/../../../../arm-none-eabi/lib/thumb/v7e-m/fpv4-sp/hard\libc_nano.a(lib_a-malloc.o)
                0x000335b0                malloc
 .text.free     0x000335c0       0x10 c:/users/me/appdata/local/arduino15/packages/arduino/tools/arm-none-eabi-gcc/7-2017q4/bin/../lib/gcc/arm-none-eabi/7.2.1/../../../../arm-none-eabi/lib/thumb/v7e-m/fpv4-sp/hard\libc_nano.a(lib_a-malloc.o)
                0x000335c0                free
 .text.__ascii_mbtowc
                0x000335d0       0x24 c:/users/me/appdata/local/arduino15/packages/arduino/tools/arm-none-eabi-gcc/7-2017q4/bin/../lib/gcc/arm-none-eabi/7.2.1/../../../../arm-none-eabi/lib/thumb/v7e-m/fpv4-sp/hard\libc_nano.a(lib_a-mbtowc_r.o)
                0x000335d0                __ascii_mbtowc
 .text.memcmp   0x000335f4       0x1e c:/users/me/appdata/local/arduino15/packages/arduino/tools/arm-none-eabi-gcc/7-2017q4/bin/../lib/gcc/arm-none-eabi/7.2.1/../../../../arm-none-eabi/lib/thumb/v7e-m/fpv4-sp/hard\libc_nano.a(lib_a-memcmp.o)
                0x000335f4                memcmp
 .text.memcpy   0x00033612       0x16 c:/users/me/appdata/local/arduino15/packages/arduino/tools/arm-none-eabi-gcc/7-2017q4/bin/../lib/gcc/arm-none-eabi/7.2.1/../../../../arm-none-eabi/lib/thumb/v7e-m/fpv4-sp/hard\libc_nano.a(lib_a-memcpy-stub.o)
                0x00033612                memcpy
 .text.memmove  0x00033628       0x32 c:/users/me/appdata/local/arduino15/packages/arduino/tools/arm-none-eabi-gcc/7-2017q4/bin/../lib/gcc/arm-none-eabi/7.2.1/../../../../arm-none-eabi/lib/thumb/v7e-m/fpv4-sp/hard\libc_nano.a(lib_a-memmove.o)
                0x00033628                memmove
 .text.memset   0x0003365a       0x10 c:/users/me/appdata/local/arduino15/packages/arduino/tools/arm-none-eabi-gcc/7-2017q4/bin/../lib/gcc/arm-none-eabi/7.2.1/../../../../arm-none-eabi/lib/thumb/v7e-m/fpv4-sp/hard\libc_nano.a(lib_a-memset.o)
                0x0003365a                memset
 *fill*         0x0003366a        0x2 
 .text._free_r  0x0003366c       0x9c c:/users/me/appdata/local/arduino15/packages/arduino/tools/arm-none-eabi-gcc/7-2017q4/bin/../lib/gcc/arm-none-eabi/7.2.1/../../../../arm-none-eabi/lib/thumb/v7e-m/fpv4-sp/hard\libc_nano.a(lib_a-nano-freer.o)
                0x0003366c                _free_r
 .text._malloc_r
                0x00033708       0xb4 c:/users/me/appdata/local/arduino15/packages/arduino/tools/arm-none-eabi-gcc/7-2017q4/bin/../lib/gcc/arm-none-eabi/7.2.1/../../../../arm-none-eabi/lib/thumb/v7e-m/fpv4-sp/hard\libc_nano.a(lib_a-nano-mallocr.o)
                0x00033708                _malloc_r
 .text.__sfputc_r
                0x000337bc       0x2e c:/users/me/appdata/local/arduino15/packages/arduino/tools/arm-none-eabi-gcc/7-2017q4/bin/../lib/gcc/arm-none-eabi/7.2.1/../../../../arm-none-eabi/lib/thumb/v7e-m/fpv4-sp/hard\libc_nano.a(lib_a-nano-vfprintf.o)
 .text.__sfputs_r
                0x000337ea       0x24 c:/users/me/appdata/local/arduino15/packages/arduino/tools/arm-none-eabi-gcc/7-2017q4/bin/../lib/gcc/arm-none-eabi/7.2.1/../../../../arm-none-eabi/lib/thumb/v7e-m/fpv4-sp/hard\libc_nano.a(lib_a-nano-vfprintf.o)
                0x000337ea                __sfputs_r
 *fill*         0x0003380e        0x2 
 .text._vfprintf_r
                0x00033810      0x228 c:/users/me/appdata/local/arduino15/packages/arduino/tools/arm-none-eabi-gcc/7-2017q4/bin/../lib/gcc/arm-none-eabi/7.2.1/../../../../arm-none-eabi/lib/thumb/v7e-m/fpv4-sp/hard\libc_nano.a(lib_a-nano-vfprintf.o)
                0x00033810                _vfprintf_r
                0x00033810                _vfiprintf_r
 .text.__cvt    0x00033a38       0xc2 c:/users/me/appdata/local/arduino15/packages/arduino/tools/arm-none-eabi-gcc/7-2017q4/bin/../lib/gcc/arm-none-eabi/7.2.1/../../../../arm-none-eabi/lib/thumb/v7e-m/fpv4-sp/hard\libc_nano.a(lib_a-nano-vfprintf_float.o)
                0x00033a38                __cvt
 .text.__exponent
                0x00033afa       0x66 c:/users/me/appdata/local/arduino15/packages/arduino/tools/arm-none-eabi-gcc/7-2017q4/bin/../lib/gcc/arm-none-eabi/7.2.1/../../../../arm-none-eabi/lib/thumb/v7e-m/fpv4-sp/hard\libc_nano.a(lib_a-nano-vfprintf_float.o)
                0x00033afa                __exponent
 .text._printf_float
                0x00033b60      0x480 c:/users/me/appdata/local/arduino15/packages/arduino/tools/arm-none-eabi-gcc/7-2017q4/bin/../lib/gcc/arm-none-eabi/7.2.1/../../../../arm-none-eabi/lib/thumb/v7e-m/fpv4-sp/hard\libc_nano.a(lib_a-nano-vfprintf_float.o)
                0x00033b60                _printf_float
 .text._printf_common
                0x00033fe0       0xea c:/users/me/appdata/local/arduino15/packages/arduino/tools/arm-none-eabi-gcc/7-2017q4/bin/../lib/gcc/arm-none-eabi/7.2.1/../../../../arm-none-eabi/lib/thumb/v7e-m/fpv4-sp/hard\libc_nano.a(lib_a-nano-vfprintf_i.o)
                0x00033fe0                _printf_common
 *fill*         0x000340ca        0x2 
 .text._printf_i
                0x000340cc      0x224 c:/users/me/appdata/local/arduino15/packages/arduino/tools/arm-none-eabi-gcc/7-2017q4/bin/../lib/gcc/arm-none-eabi/7.2.1/../../../../arm-none-eabi/lib/thumb/v7e-m/fpv4-sp/hard\libc_nano.a(lib_a-nano-vfprintf_i.o)
                0x000340cc                _printf_i
 .text.realloc  0x000342f0       0x10 c:/users/me/appdata/local/arduino15/packages/arduino/tools/arm-none-eabi-gcc/7-2017q4/bin/../lib/gcc/arm-none-eabi/7.2.1/../../../../arm-none-eabi/lib/thumb/v7e-m/fpv4-sp/hard\libc_nano.a(lib_a-realloc.o)
                0x000342f0                realloc
 .text._sbrk_r  0x00034300       0x20 c:/users/me/appdata/local/arduino15/packages/arduino/tools/arm-none-eabi-gcc/7-2017q4/bin/../lib/gcc/arm-none-eabi/7.2.1/../../../../arm-none-eabi/lib/thumb/v7e-m/fpv4-sp/hard\libc_nano.a(lib_a-sbrkr.o)
                0x00034300                _sbrk_r
 .text.sprintf  0x00034320       0x40 c:/users/me/appdata/local/arduino15/packages/arduino/tools/arm-none-eabi-gcc/7-2017q4/bin/../lib/gcc/arm-none-eabi/7.2.1/../../../../arm-none-eabi/lib/thumb/v7e-m/fpv4-sp/hard\libc_nano.a(lib_a-sprintf.o)
                0x00034320                siprintf
                0x00034320                sprintf
 .text.strchr   0x00034360       0x1a c:/users/me/appdata/local/arduino15/packages/arduino/tools/arm-none-eabi-gcc/7-2017q4/bin/../lib/gcc/arm-none-eabi/7.2.1/../../../../arm-none-eabi/lib/thumb/v7e-m/fpv4-sp/hard\libc_nano.a(lib_a-strchr.o)
                0x00034360                strchr
 .text.strcpy   0x0003437a       0x10 c:/users/me/appdata/local/arduino15/packages/arduino/tools/arm-none-eabi-gcc/7-2017q4/bin/../lib/gcc/arm-none-eabi/7.2.1/../../../../arm-none-eabi/lib/thumb/v7e-m/fpv4-sp/hard\libc_nano.a(lib_a-strcpy.o)
                0x0003437a                strcpy
 .text.strcspn  0x0003438a       0x24 c:/users/me/appdata/local/arduino15/packages/arduino/tools/arm-none-eabi-gcc/7-2017q4/bin/../lib/gcc/arm-none-eabi/7.2.1/../../../../arm-none-eabi/lib/thumb/v7e-m/fpv4-sp/hard\libc_nano.a(lib_a-strcspn.o)
                0x0003438a                strcspn
 .text          0x000343ae       0x10 c:/users/me/appdata/local/arduino15/packages/arduino/tools/arm-none-eabi-gcc/7-2017q4/bin/../lib/gcc/arm-none-eabi/7.2.1/../../../../arm-none-eabi/lib/thumb/v7e-m/fpv4-sp/hard\libc_nano.a(lib_a-strlen.o)
                0x000343ae                strlen
 .text.strncpy  0x000343be       0x2a c:/users/me/appdata/local/arduino15/packages/arduino/tools/arm-none-eabi-gcc/7-2017q4/bin/../lib/gcc/arm-none-eabi/7.2.1/../../../../arm-none-eabi/lib/thumb/v7e-m/fpv4-sp/hard\libc_nano.a(lib_a-strncpy.o)
                0x000343be                strncpy
 .text.strrchr  0x000343e8       0x28 c:/users/me/appdata/local/arduino15/packages/arduino/tools/arm-none-eabi-gcc/7-2017q4/bin/../lib/gcc/arm-none-eabi/7.2.1/../../../../arm-none-eabi/lib/thumb/v7e-m/fpv4-sp/hard\libc_nano.a(lib_a-strrchr.o)
                0x000343e8                strrchr
 .text.strspn   0x00034410       0x24 c:/users/me/appdata/local/arduino15/packages/arduino/tools/arm-none-eabi-gcc/7-2017q4/bin/../lib/gcc/arm-none-eabi/7.2.1/../../../../arm-none-eabi/lib/thumb/v7e-m/fpv4-sp/hard\libc_nano.a(lib_a-strspn.o)
                0x00034410                strspn
 .text.__swbuf_r
                0x00034434       0xa4 c:/users/me/appdata/local/arduino15/packages/arduino/tools/arm-none-eabi-gcc/7-2017q4/bin/../lib/gcc/arm-none-eabi/7.2.1/../../../../arm-none-eabi/lib/thumb/v7e-m/fpv4-sp/hard\libc_nano.a(lib_a-wbuf.o)
                0x00034434                __swbuf_r
 .text.__ascii_wctomb
                0x000344d8       0x1a c:/users/me/appdata/local/arduino15/packages/arduino/tools/arm-none-eabi-gcc/7-2017q4/bin/../lib/gcc/arm-none-eabi/7.2.1/../../../../arm-none-eabi/lib/thumb/v7e-m/fpv4-sp/hard\libc_nano.a(lib_a-wctomb_r.o)
                0x000344d8                __ascii_wctomb
 *fill*         0x000344f2        0x2 
 .text.__swsetup_r
                0x000344f4       0xdc c:/users/me/appdata/local/arduino15/packages/arduino/tools/arm-none-eabi-gcc/7-2017q4/bin/../lib/gcc/arm-none-eabi/7.2.1/../../../../arm-none-eabi/lib/thumb/v7e-m/fpv4-sp/hard\libc_nano.a(lib_a-wsetup.o)
                0x000344f4                __swsetup_r
 .text.abort    0x000345d0        0xe c:/users/me/appdata/local/arduino15/packages/arduino/tools/arm-none-eabi-gcc/7-2017q4/bin/../lib/gcc/arm-none-eabi/7.2.1/../../../../arm-none-eabi/lib/thumb/v7e-m/fpv4-sp/hard\libc_nano.a(lib_a-abort.o)
                0x000345d0                abort
 .text.quorem   0x000345de      0x118 c:/users/me/appdata/local/arduino15/packages/arduino/tools/arm-none-eabi-gcc/7-2017q4/bin/../lib/gcc/arm-none-eabi/7.2.1/../../../../arm-none-eabi/lib/thumb/v7e-m/fpv4-sp/hard\libc_nano.a(lib_a-dtoa.o)
 *fill*         0x000346f6        0x2 
 .text._dtoa_r  0x000346f8      0xb70 c:/users/me/appdata/local/arduino15/packages/arduino/tools/arm-none-eabi-gcc/7-2017q4/bin/../lib/gcc/arm-none-eabi/7.2.1/../../../../arm-none-eabi/lib/thumb/v7e-m/fpv4-sp/hard\libc_nano.a(lib_a-dtoa.o)
                0x000346f8                _dtoa_r
 .text.__sflush_r
                0x00035268      0x10c c:/users/me/appdata/local/arduino15/packages/arduino/tools/arm-none-eabi-gcc/7-2017q4/bin/../lib/gcc/arm-none-eabi/7.2.1/../../../../arm-none-eabi/lib/thumb/v7e-m/fpv4-sp/hard\libc_nano.a(lib_a-fflush.o)
                0x00035268                __sflush_r
 .text._fflush_r
                0x00035374       0x54 c:/users/me/appdata/local/arduino15/packages/arduino/tools/arm-none-eabi-gcc/7-2017q4/bin/../lib/gcc/arm-none-eabi/7.2.1/../../../../arm-none-eabi/lib/thumb/v7e-m/fpv4-sp/hard\libc_nano.a(lib_a-fflush.o)
                0x00035374                _fflush_r
 .text.std      0x000353c8       0x48 c:/users/me/appdata/local/arduino15/packages/arduino/tools/arm-none-eabi-gcc/7-2017q4/bin/../lib/gcc/arm-none-eabi/7.2.1/../../../../arm-none-eabi/lib/thumb/v7e-m/fpv4-sp/hard\libc_nano.a(lib_a-findfp.o)
 .text._cleanup_r
                0x00035410        0xc c:/users/me/appdata/local/arduino15/packages/arduino/tools/arm-none-eabi-gcc/7-2017q4/bin/../lib/gcc/arm-none-eabi/7.2.1/../../../../arm-none-eabi/lib/thumb/v7e-m/fpv4-sp/hard\libc_nano.a(lib_a-findfp.o)
                0x00035410                _cleanup_r
 .text.__sfmoreglue
                0x0003541c       0x2c c:/users/me/appdata/local/arduino15/packages/arduino/tools/arm-none-eabi-gcc/7-2017q4/bin/../lib/gcc/arm-none-eabi/7.2.1/../../../../arm-none-eabi/lib/thumb/v7e-m/fpv4-sp/hard\libc_nano.a(lib_a-findfp.o)
                0x0003541c                __sfmoreglue
 .text.__sinit  0x00035448       0x60 c:/users/me/appdata/local/arduino15/packages/arduino/tools/arm-none-eabi-gcc/7-2017q4/bin/../lib/gcc/arm-none-eabi/7.2.1/../../../../arm-none-eabi/lib/thumb/v7e-m/fpv4-sp/hard\libc_nano.a(lib_a-findfp.o)
                0x00035448                __sinit
 .text.__sfp    0x000354a8       0x78 c:/users/me/appdata/local/arduino15/packages/arduino/tools/arm-none-eabi-gcc/7-2017q4/bin/../lib/gcc/arm-none-eabi/7.2.1/../../../../arm-none-eabi/lib/thumb/v7e-m/fpv4-sp/hard\libc_nano.a(lib_a-findfp.o)
                0x000354a8                __sfp
 .text._fwalk_reent
                0x00035520       0x3c c:/users/me/appdata/local/arduino15/packages/arduino/tools/arm-none-eabi-gcc/7-2017q4/bin/../lib/gcc/arm-none-eabi/7.2.1/../../../../arm-none-eabi/lib/thumb/v7e-m/fpv4-sp/hard\libc_nano.a(lib_a-fwalk.o)
                0x00035520                _fwalk_reent
 .text._localeconv_r
                0x0003555c       0x1c c:/users/me/appdata/local/arduino15/packages/arduino/tools/arm-none-eabi-gcc/7-2017q4/bin/../lib/gcc/arm-none-eabi/7.2.1/../../../../arm-none-eabi/lib/thumb/v7e-m/fpv4-sp/hard\libc_nano.a(lib_a-localeconv.o)
                0x0003555c                _localeconv_r
 .text.__swhatbuf_r
                0x00035578       0x48 c:/users/me/appdata/local/arduino15/packages/arduino/tools/arm-none-eabi-gcc/7-2017q4/bin/../lib/gcc/arm-none-eabi/7.2.1/../../../../arm-none-eabi/lib/thumb/v7e-m/fpv4-sp/hard\libc_nano.a(lib_a-makebuf.o)
                0x00035578                __swhatbuf_r
 .text.__smakebuf_r
                0x000355c0       0x80 c:/users/me/appdata/local/arduino15/packages/arduino/tools/arm-none-eabi-gcc/7-2017q4/bin/../lib/gcc/arm-none-eabi/7.2.1/../../../../arm-none-eabi/lib/thumb/v7e-m/fpv4-sp/hard\libc_nano.a(lib_a-makebuf.o)
                0x000355c0                __smakebuf_r
 .text          0x00035640       0xa0 c:/users/me/appdata/local/arduino15/packages/arduino/tools/arm-none-eabi-gcc/7-2017q4/bin/../lib/gcc/arm-none-eabi/7.2.1/../../../../arm-none-eabi/lib/thumb/v7e-m/fpv4-sp/hard\libc_nano.a(lib_a-memchr.o)
                0x00035640                memchr
 .text._Balloc  0x000356e0       0x68 c:/users/me/appdata/local/arduino15/packages/arduino/tools/arm-none-eabi-gcc/7-2017q4/bin/../lib/gcc/arm-none-eabi/7.2.1/../../../../arm-none-eabi/lib/thumb/v7e-m/fpv4-sp/hard\libc_nano.a(lib_a-mprec.o)
                0x000356e0                _Balloc
 .text._Bfree   0x00035748       0x2e c:/users/me/appdata/local/arduino15/packages/arduino/tools/arm-none-eabi-gcc/7-2017q4/bin/../lib/gcc/arm-none-eabi/7.2.1/../../../../arm-none-eabi/lib/thumb/v7e-m/fpv4-sp/hard\libc_nano.a(lib_a-mprec.o)
                0x00035748                _Bfree
 .text.__multadd
                0x00035776       0x76 c:/users/me/appdata/local/arduino15/packages/arduino/tools/arm-none-eabi-gcc/7-2017q4/bin/../lib/gcc/arm-none-eabi/7.2.1/../../../../arm-none-eabi/lib/thumb/v7e-m/fpv4-sp/hard\libc_nano.a(lib_a-mprec.o)
                0x00035776                __multadd
 .text.__hi0bits
                0x000357ec       0x3e c:/users/me/appdata/local/arduino15/packages/arduino/tools/arm-none-eabi-gcc/7-2017q4/bin/../lib/gcc/arm-none-eabi/7.2.1/../../../../arm-none-eabi/lib/thumb/v7e-m/fpv4-sp/hard\libc_nano.a(lib_a-mprec.o)
                0x000357ec                __hi0bits
 .text.__lo0bits
                0x0003582a       0x5e c:/users/me/appdata/local/arduino15/packages/arduino/tools/arm-none-eabi-gcc/7-2017q4/bin/../lib/gcc/arm-none-eabi/7.2.1/../../../../arm-none-eabi/lib/thumb/v7e-m/fpv4-sp/hard\libc_nano.a(lib_a-mprec.o)
                0x0003582a                __lo0bits
 .text.__i2b    0x00035888       0x12 c:/users/me/appdata/local/arduino15/packages/arduino/tools/arm-none-eabi-gcc/7-2017q4/bin/../lib/gcc/arm-none-eabi/7.2.1/../../../../arm-none-eabi/lib/thumb/v7e-m/fpv4-sp/hard\libc_nano.a(lib_a-mprec.o)
                0x00035888                __i2b
 .text.__multiply
                0x0003589a      0x12c c:/users/me/appdata/local/arduino15/packages/arduino/tools/arm-none-eabi-gcc/7-2017q4/bin/../lib/gcc/arm-none-eabi/7.2.1/../../../../arm-none-eabi/lib/thumb/v7e-m/fpv4-sp/hard\libc_nano.a(lib_a-mprec.o)